###############################################################################
#
# IAR ELF Linker V9.30.1.335/W64 for ARM                  25/Nov/2022  17:42:05
# Copyright 2007-2022 IAR Systems AB.
#
#    Output file  =  F:\Github\Kolodiy\8 Otchet\Debug\Exe\258g.out
#    Map file     =  F:\Github\Kolodiy\8 Otchet\Debug\List\258g.map
#    Command line =
#        -f "F:\Github\Kolodiy\8 Otchet\Debug\Exe\258g.out.rsp"
#        ("F:\Github\Kolodiy\8 Otchet\Debug\Obj\main.o" "F:\Github\Kolodiy\8
#        Otchet\Debug\Obj\Hardware\Pin\Pin.o" --no_out_extension -o
#        "F:\Github\Kolodiy\8 Otchet\Debug\Exe\258g.out" --redirect
#        _Printf=_PrintfFullNoMb --redirect _Scanf=_ScanfFullNoMb --map
#        "F:\Github\Kolodiy\8 Otchet\Debug\List\258g.map" --config
#        F:\IAR\arm/config/linker/ST/stm32f411xC.icf --semihosting --entry
#        __iar_program_start --vfe --text_out locale --cpu=Cortex-M4
#        --fpu=VFPv4_sp)
#
###############################################################################

*******************************************************************************
*** RUNTIME MODEL ATTRIBUTES
***

CppFlavor        = *
__CPP_Exceptions = Disabled
__CPP_Language   = C++14
__CPP_Library    = libc++
__CPP_Runtime    = 1
__SystemLibrary  = DLib
__dlib_version   = 6


*******************************************************************************
*** HEAP SELECTION
***

The basic heap was selected because --advanced_heap
was not specified and the application did not appear to
be primarily optimized for speed.


*******************************************************************************
*** PLACEMENT SUMMARY
***

"A0":  place at address 0x800'0000 { ro section .intvec };
"P1":  place in [from 0x800'0000 to 0x803'ffff] { ro };
define block CSTACK with size = 8K, alignment = 8 { };
define block HEAP with size = 8K, alignment = 8 { };
"P2":  place in [from 0x2000'0000 to 0x2001'ffff] {
          rw, block CSTACK, block HEAP };

No sections matched the following patterns:

  rw  in "P2"


  Section   Kind         Address    Size  Object
  -------   ----         -------    ----  ------
"A0":                               0x40
  .intvec   ro code   0x800'0000    0x40  vector_table_M.o [5]
                    - 0x800'0040    0x40

"P1":                              0x188
  .text     ro code   0x800'0040    0x78  main.o [1]
  .text     ro code   0x800'00b8    0x14  main.o [1]
  .text     ro code   0x800'00cc    0x14  main.o [1]
  .text     ro code   0x800'00e0    0x14  main.o [1]
  .text     ro code   0x800'00f4    0x14  main.o [1]
  .text     ro code   0x800'0108    0x14  main.o [1]
  .text     ro code   0x800'011c    0x14  Pin.o [2]
  .text     ro code   0x800'0130    0x10  Pin.o [2]
  .text     ro code   0x800'0140    0x22  fpinit_M.o [4]
  .text     ro code   0x800'0162     0x2  vectortrap_M.o [5]
  .text     ro code   0x800'0164    0x1e  cmain.o [5]
  .text     ro code   0x800'0182     0x4  low_level_init.o [3]
  .text     ro code   0x800'0186     0x4  exit.o [3]
  .rodata   const     0x800'018a     0x1  unwind_debug.o [6]
  .text     ro code   0x800'018c     0xa  cexit.o [5]
  .text     ro code   0x800'0198    0x14  exit.o [6]
  .text     ro code   0x800'01ac    0x1c  cstartup_M.o [5]
                    - 0x800'01c8   0x188

"P2":                             0x2000
  CSTACK             0x2000'0000  0x2000  <Block>
    CSTACK  uninit   0x2000'0000  0x2000  <Block tail>
                   - 0x2000'2000  0x2000

Unused ranges:

         From           To      Size
         ----           --      ----
   0x800'01c8   0x803'ffff  0x3'fe38
  0x2000'2000  0x2001'ffff  0x1'e000



*******************************************************************************
*** MODULE SUMMARY
***

    Module            ro code  ro data  rw data
    ------            -------  -------  -------
command line/config:
    -------------------------------------------
    Total:

F:\Github\Kolodiy\8 Otchet\Debug\Obj: [1]
    main.o                220
    -------------------------------------------
    Total:                220

F:\Github\Kolodiy\8 Otchet\Debug\Obj\Hardware\Pin: [2]
    Pin.o                  36
    -------------------------------------------
    Total:                 36

dl7M_tlf.a: [3]
    exit.o                  4
    low_level_init.o        4
    -------------------------------------------
    Total:                  8

m7M_tls.a: [4]
    fpinit_M.o             34
    -------------------------------------------
    Total:                 34

rt7M_tl.a: [5]
    cexit.o                10
    cmain.o                30
    cstartup_M.o           28
    vector_table_M.o       64
    vectortrap_M.o          2
    -------------------------------------------
    Total:                134

shb_l.a: [6]
    exit.o                 20
    unwind_debug.o                   1
    -------------------------------------------
    Total:                 20        1

    Gaps                    3
    Linker created                        8'192
-----------------------------------------------
    Grand Total:          455        1    8'192


*******************************************************************************
*** ENTRY LIST
***

Entry                       Address  Size  Type      Object
-----                       -------  ----  ----      ------
?main                    0x800'0165        Code  Gb  cmain.o [5]
BusFault_Handler         0x800'0163        Code  Wk  vectortrap_M.o [5]
CSTACK$$Base            0x2000'0000         --   Gb  - Linker created -
CSTACK$$Limit           0x2000'2000         --   Gb  - Linker created -
DebugMon_Handler         0x800'0163        Code  Wk  vectortrap_M.o [5]
Delay(int)               0x800'0041  0x12  Code  Gb  main.o [1]
HardFault_Handler        0x800'0163        Code  Wk  vectortrap_M.o [5]
MemManage_Handler        0x800'0163        Code  Wk  vectortrap_M.o [5]
NMI_Handler              0x800'0163        Code  Wk  vectortrap_M.o [5]
PendSV_Handler           0x800'0163        Code  Wk  vectortrap_M.o [5]
Pin::Pin(unsigned char)
                         0x800'011d   0x4  Code  Gb  Pin.o [2]
Pin::Toggle()            0x800'0121  0x10  Code  Gb  Pin.o [2]
Region$$Table$$Base             0x0         --   Gb  - Linker created -
Region$$Table$$Limit            0x0         --   Gb  - Linker created -
SVC_Handler              0x800'0163        Code  Wk  vectortrap_M.o [5]
SysTick_Handler          0x800'0163        Code  Wk  vectortrap_M.o [5]
UsageFault_Handler       0x800'0163        Code  Wk  vectortrap_M.o [5]
__cmain                  0x800'0165        Code  Gb  cmain.o [5]
__exit                   0x800'0199  0x14  Code  Gb  exit.o [6]
__iar_debug_exceptions   0x800'018a   0x1  Data  Gb  unwind_debug.o [6]
__iar_init_vfp           0x800'0141        Code  Gb  fpinit_M.o [4]
__iar_program_start      0x800'01ad        Code  Gb  cstartup_M.o [5]
__low_level_init         0x800'0183   0x4  Code  Gb  low_level_init.o [3]
__vector_table           0x800'0000        Data  Gb  vector_table_M.o [5]
_call_main               0x800'0171        Code  Gb  cmain.o [5]
_exit                    0x800'018d        Code  Gb  cexit.o [5]
exit                     0x800'0187   0x4  Code  Gb  exit.o [3]
main                     0x800'0053  0x62  Code  Gb  main.o [1]
void FieldValueBase<GPIOA_MODER_MODER15_Values<GPIOA::MODER, (unsigned int)10, (unsigned int)2, ReadWriteMode, GPIOA::GPIOAMODERBase>, GPIOA::GPIOAMODERBase, (unsigned int)1>::Set<ReadWriteMode, void>()
                         0x800'00cd  0x14  Code  Wk  main.o [1]
void FieldValueBase<GPIOC_MODER_MODER15_Values<GPIOC::MODER, (unsigned int)10, (unsigned int)2, ReadWriteMode, GPIOC::GPIOCMODERBase>, GPIOC::GPIOCMODERBase, (unsigned int)1>::Set<ReadWriteMode, void>()
                         0x800'00e1  0x14  Code  Wk  main.o [1]
void FieldValueBase<GPIOC_MODER_MODER15_Values<GPIOC::MODER, (unsigned int)16, (unsigned int)2, ReadWriteMode, GPIOC::GPIOCMODERBase>, GPIOC::GPIOCMODERBase, (unsigned int)1>::Set<ReadWriteMode, void>()
                         0x800'00f5  0x14  Code  Wk  main.o [1]
void FieldValueBase<GPIOC_MODER_MODER15_Values<GPIOC::MODER, (unsigned int)18, (unsigned int)2, ReadWriteMode, GPIOC::GPIOCMODERBase>, GPIOC::GPIOCMODERBase, (unsigned int)1>::Set<ReadWriteMode, void>()
                         0x800'0109  0x14  Code  Wk  main.o [1]
void FieldValueBase<RCC_AHB1ENR_GPIOCEN_Values<RCC::AHB1ENR, (unsigned int)2, (unsigned int)1, ReadWriteMode, RCC::RCCAHB1ENRBase>, RCC::RCCAHB1ENRBase, (unsigned int)1>::Set<ReadWriteMode, void>()
                         0x800'00b9  0x14  Code  Wk  main.o [1]
void RegisterBase<(unsigned int)1073874964, (unsigned int)32, ReadWriteMode>::Toggle<ReadWriteMode, void>(unsigned int)
                         0x800'0131  0x10  Code  Wk  Pin.o [2]


[1] = F:\Github\Kolodiy\8 Otchet\Debug\Obj
[2] = F:\Github\Kolodiy\8 Otchet\Debug\Obj\Hardware\Pin
[3] = dl7M_tlf.a
[4] = m7M_tls.a
[5] = rt7M_tl.a
[6] = shb_l.a

    455 bytes of readonly  code memory
      1 byte  of readonly  data memory
  8'192 bytes of readwrite data memory

Errors: none
Warnings: none
