###############################################################################
#
# IAR ELF Linker V9.30.1.335/W64 for ARM                  02/Dec/2022  18:02:15
# Copyright 2007-2022 IAR Systems AB.
#
#    Output file  =  R:\POIP\POIP\Project_8\Debug\Exe\Project_8.out
#    Map file     =  R:\POIP\POIP\Project_8\Debug\List\Project_8.map
#    Command line =
#        -f R:\POIP\POIP\Project_8\Debug\Exe\Project_8.out.rsp
#        (R:\POIP\POIP\Project_8\Debug\Obj\Components\Button\Button.o
#        R:\POIP\POIP\Project_8\Debug\Obj\Components\LED\LED.o
#        R:\POIP\POIP\Project_8\Debug\Obj\main.o --no_out_extension -o
#        R:\POIP\POIP\Project_8\Debug\Exe\Project_8.out --map
#        R:\POIP\POIP\Project_8\Debug\List\Project_8.map --config
#        R:\POIP\POIP\Project_8\Project_8.icf --semihosting --entry
#        __iar_program_start --vfe --text_out locale --cpu=Cortex-M4
#        --fpu=VFPv4_sp)
#
###############################################################################

*******************************************************************************
*** RUNTIME MODEL ATTRIBUTES
***

CppFlavor                     = *
__CPP_Exceptions              = Disabled
__CPP_Language                = C++14
__CPP_Library                 = DLib
__CPP_Runtime                 = 1
__Heap_Handler                = Basic
__SystemLibrary               = DLib
__dlib_dynamic_initialization = normal
__dlib_version                = 6


*******************************************************************************
*** HEAP SELECTION
***

The basic heap was selected because --advanced_heap
was not specified and the application did not appear to
be primarily optimized for speed.


*******************************************************************************
*** PLACEMENT SUMMARY
***

"A0":  place at address 0x800'0000 { ro section .intvec };
"P1":  place in [from 0x800'0000 to 0x803'ffff] { ro };
define block CSTACK with size = 8K, alignment = 8 { };
define block HEAP with size = 0, alignment = 8 { };
"P2":  place in [from 0x2000'0000 to 0x2001'ffff] {
          rw, block CSTACK, block HEAP };
initialize by copy { rw };

  Section                Kind         Address    Size  Object
  -------                ----         -------    ----  ------
"A0":                                            0x40
  .intvec                ro code   0x800'0000    0x40  vector_table_M.o [8]
                                 - 0x800'0040    0x40

"P1":                                          0x1300
  .text                  ro code   0x800'0040   0x1ce  main.o [1]
  .text                  ro code   0x800'020e     0xc  main.o [1]
  .text                  ro code   0x800'021a     0x4  main.o [1]
  .text                  ro code   0x800'021e    0x72  main.o [1]
  .text                  ro code   0x800'0290     0x4  main.o [1]
  .text                  ro code   0x800'0294     0x8  main.o [1]
  .text                  ro code   0x800'029c     0x4  main.o [1]
  .text                  ro code   0x800'02a0     0x6  main.o [1]
  .text                  ro code   0x800'02a6     0x6  main.o [1]
  .text                  ro code   0x800'02ac     0x4  main.o [1]
  .text                  ro code   0x800'02b0    0x32  main.o [1]
  .text                  ro code   0x800'02e2    0x12  main.o [1]
  .text                  ro code   0x800'02f4    0x16  main.o [1]
  .text                  ro code   0x800'030a     0x8  main.o [1]
  .text                  ro code   0x800'0312    0x28  main.o [1]
  .text                  ro code   0x800'033a     0xe  main.o [1]
  .text                  ro code   0x800'0348    0x36  strlen.o [8]
  .text                  ro code   0x800'037e     0xc  main.o [1]
  .text                  ro code   0x800'038a    0x18  main.o [1]
  .text                  ro code   0x800'03a2     0x4  main.o [1]
  .text                  ro code   0x800'03a6    0x54  main.o [1]
  .text                  ro code   0x800'03fa    0x18  main.o [1]
  .text                  ro code   0x800'0412     0xe  main.o [1]
  .text                  ro code   0x800'0420     0x4  main.o [1]
  .text                  ro code   0x800'0424     0x4  main.o [1]
  .text                  ro code   0x800'0428    0x24  main.o [1]
  .text                  ro code   0x800'044c     0xc  main.o [1]
  .text                  ro code   0x800'0458    0x28  main.o [1]
  .text                  ro code   0x800'0480     0xe  main.o [1]
  .text                  ro code   0x800'048e    0x14  main.o [1]
  .text                  ro code   0x800'04a2    0x2a  copy_init3.o [8]
  .text                  ro code   0x800'04cc   0x100  ios.o [5]
  .text                  ro code   0x800'05cc     0xc  main.o [1]
  .text                  ro code   0x800'05d8    0x54  main.o [1]
  .text                  ro code   0x800'062c     0xc  main.o [1]
  .text                  ro code   0x800'0638     0x6  abort.o [4]
  .text                  ro code   0x800'063e     0x4  delop4_0.o [6]
  .text                  ro code   0x800'0642    0x4a  main.o [1]
  .text                  ro code   0x800'068c    0x46  main.o [1]
  .text                  ro code   0x800'06d2     0x6  iostream_cout.o [5]
  .text                  ro code   0x800'06d8    0x14  exit.o [9]
  .text                  ro code   0x800'06ec     0xa  delop_0.o [6]
  .text                  ro code   0x800'06f6     0x2  iostream_cout.o [5]
  .text                  ro code   0x800'06f8    0x7c  iarttio.o [9]
  .text                  ro code   0x800'0774     0x4  heaptramp0.o [4]
  .text                  ro code   0x800'0778     0x8  XShttio.o [4]
  .text                  ro code   0x800'0780    0x90  heap0.o [4]
  .text                  ro code   0x800'0810    0xc4  main.o [1]
  .text                  ro code   0x800'08d4    0x2c  LED.o [3]
  .text                  ro code   0x800'0900    0x4a  Button.o [2]
  .text                  ro code   0x800'094a     0x2  iostream_cout.o [5]
  .text                  ro code   0x800'094c    0x14  main.o [1]
  .text                  ro code   0x800'0960    0x14  main.o [1]
  .text                  ro code   0x800'0974    0x14  main.o [1]
  .text                  ro code   0x800'0988    0x14  main.o [1]
  .text                  ro code   0x800'099c    0x14  main.o [1]
  .text                  ro code   0x800'09b0    0x18  main.o [1]
  .text                  ro code   0x800'09c8    0x18  main.o [1]
  .text                  ro code   0x800'09e0    0x1c  main.o [1]
  .text                  ro code   0x800'09fc     0xc  main.o [1]
  .text                  ro code   0x800'0a08     0xe  main.o [1]
  .text                  ro code   0x800'0a16     0xc  LED.o [3]
  .text                  ro code   0x800'0a22     0xc  Button.o [2]
  .text                  ro code   0x800'0a2e     0x2  vectortrap_M.o [8]
  .text                  ro code   0x800'0a30    0x14  main.o [1]
  .text                  ro code   0x800'0a44    0x16  main.o [1]
  .text                  ro code   0x800'0a5a    0x12  main.o [1]
  .text                  ro code   0x800'0a6c     0x4  main.o [1]
  .text                  ro code   0x800'0a70     0x8  main.o [1]
  .text                  ro code   0x800'0a78     0x2  LED.o [3]
  .text                  ro code   0x800'0a7a     0x2  Button.o [2]
  .text                  ro code   0x800'0a7c     0x2  main.o [1]
  .text                  ro code   0x800'0a7e     0xc  main.o [1]
  .text                  ro code   0x800'0a8a     0x8  main.o [1]
  .rodata                zero      0x800'0a92     0x1  main.o [1]
  .rodata                const     0x800'0a93     0x1  unwind_debug.o [9]
  .text                  ro code   0x800'0a94    0xa0  cppinit.o [4]
  .text                  ro code   0x800'0b34    0x90  iostream_cout.o [5]
  .text                  ro code   0x800'0bc4    0x5c  iostream_cout.o [5]
  .text                  ro code   0x800'0c20     0xa  cxxabi.o [6]
  .text                  ro code   0x800'0c2a    0x82  main.o [1]
  .text                  ro code   0x800'0cac    0x76  ABImemcpy_unaligned.o [8]
  .text                  ro code   0x800'0d22    0x5e  iostream_cout.o [5]
  .rodata                const     0x800'0d80    0x44  iostream_cout.o [5]
  .rodata                const     0x800'0dc4    0x44  iostream_cout.o [5]
  .text                  ro code   0x800'0e08    0x38  iostream_cout.o [5]
  .text                  ro code   0x800'0e40    0x20  putchar.o [4]
  .text                  ro code   0x800'0e60    0x10  write.o [9]
  .text                  ro code   0x800'0e70    0x1e  dwrite.o [9]
  .text                  ro code   0x800'0e8e    0x20  iarwstd.o [9]
  .text                  ro code   0x800'0eae    0x22  iarwrite.o [9]
  .text                  ro code   0x800'0ed0    0x38  zero_init3.o [8]
  .text                  ro code   0x800'0f08    0x2e  main.o [1]
  .text                  ro code   0x800'0f36    0x18  main.o [1]
  .text                  ro code   0x800'0f50    0x20  main.o [1]
  .text                  ro code   0x800'0f70     0x8  main.o [1]
  .text                  ro code   0x800'0f78    0x18  main.o [1]
  .text                  ro code   0x800'0f90     0xc  main.o [1]
  .text                  ro code   0x800'0f9c     0xc  main.o [1]
  .rodata                const     0x800'0fa8    0x28  iostream_cout.o [5]
  .text                  ro code   0x800'0fd0    0x28  data_init.o [8]
  .text                  ro code   0x800'0ff8    0x22  fpinit_M.o [7]
  .iar.init_table        const     0x800'101c    0x28  - Linker created -
  .rodata                const     0x800'1044    0x20  main.o [1]
  .rodata                const     0x800'1064    0x20  main.o [1]
  .rodata                const     0x800'1084    0x20  main.o [1]
  .rodata                const     0x800'10a4    0x20  main.o [1]
  .rodata                const     0x800'10c4    0x20  main.o [1]
  .text                  ro code   0x800'10e4    0x20  main.o [1]
  .text                  ro code   0x800'1104     0xc  main.o [1]
  .text                  ro code   0x800'1110    0x20  cmain_call_ctors.o [8]
  .text                  ro code   0x800'1130    0x1e  cmain.o [8]
  .text                  ro code   0x800'114e     0x4  low_level_init.o [4]
  .text                  ro code   0x800'1152     0x4  exit.o [4]
  .text                  ro code   0x800'1158     0xe  cexit.o [8]
  .text                  ro code   0x800'1168    0x1c  cstartup_M.o [8]
  Initializer bytes      const     0x800'1184    0x1c  <for P2-1>
  .text                  ro code   0x800'11a0    0x14  iostream_cout.o [5]
  .rodata                const     0x800'11b4    0x10  LED.o [3]
  .rodata                const     0x800'11c4    0x10  main.o [1]
  .rodata                const     0x800'11d4    0x10  main.o [1]
  .rodata                const     0x800'11e4    0x10  main.o [1]
  .rodata                const     0x800'11f4    0x10  ios.o [5]
  .rodata                const     0x800'1204    0x10  iostream_cout.o [5]
  .text                  ro code   0x800'1214    0x10  main.o [1]
  .text                  ro code   0x800'1224    0x10  main.o [1]
  .text                  ro code   0x800'1234     0xc  main.o [1]
  .text                  ro code   0x800'1240    0x10  main.o [1]
  .text                  ro code   0x800'1250    0x10  main.o [1]
  .text                  ro code   0x800'1260    0x10  main.o [1]
  .text                  ro code   0x800'1270    0x10  main.o [1]
  .text                  ro code   0x800'1280     0xe  main.o [1]
  .text                  ro code   0x800'128e     0xe  main.o [1]
  .text                  ro code   0x800'129c     0xe  main.o [1]
  .text                  ro code   0x800'12aa     0xe  iostream_cout.o [5]
  .rodata                const     0x800'12b8     0xc  Button.o [2]
  .text                  ro code   0x800'12c4     0xc  main.o [1]
  .text                  ro code   0x800'12d0     0xc  main.o [1]
  SHT$$PREINIT_ARRAY               0x800'12dc     0x4  <Block>
    .preinit_array       const     0x800'12dc     0x4  iostream_cout.o [5]
  SHT$$INIT_ARRAY                  0x800'12e0     0x8  <Block>
    .init_array          const     0x800'12e0     0x4  main.o [1]
    .init_array          const     0x800'12e4     0x4  ios.o [5]
  __iar_tls$$INIT_ARRAY            0x800'12e8     0x0  <Block>
  .rodata                const     0x800'12e8     0x8  main.o [1]
  .rodata                const     0x800'12f0     0x8  main.o [1]
  .rodata                const     0x800'12f8     0x8  main.o [1]
  .rodata                const     0x800'1300     0x8  main.o [1]
  .rodata                const     0x800'1308     0x8  main.o [1]
  .rodata                const     0x800'1310     0x8  main.o [1]
  .text                  ro code   0x800'1318     0x6  main.o [1]
  .text                  ro code   0x800'131e     0x6  main.o [1]
  .text                  ro code   0x800'1324     0x6  main.o [1]
  .text                  ro code   0x800'132a     0x6  main.o [1]
  .text                  ro code   0x800'1330     0x6  main.o [1]
  .rodata                const     0x800'1338     0x4  main.o [1]
  .text                  ro code   0x800'133c     0x4  iostream_cout.o [5]
  .text                  ro code   0x800'1340     0x0  cstart_call_dtors.o [8]
  .rodata                const     0x800'1340     0x0  zero_init3.o [8]
  .rodata                const     0x800'1340     0x0  copy_init3.o [8]
                                 - 0x800'1340  0x1300

"P2", part 1 of 3:                               0x1c
  P2-1                            0x2000'0000    0x1c  <Init block>
    .data                inited   0x2000'0000    0x14  main.o [1]
    .data                inited   0x2000'0014     0x8  XShttio.o [4]
                                - 0x2000'001c    0x1c

"P2", part 2 of 3:                              0x100
  .bss                   zero     0x2000'001c    0x70  iostream_cout.o [5]
  .bss                   zero     0x2000'008c    0x34  ios.o [5]
  .bss                   zero     0x2000'00c0     0x4  main.o [1]
  .bss                   zero     0x2000'00c8    0x10  ios.o [5]
  .bss                   zero     0x2000'00d8     0x8  main.o [1]
  .bss                   zero     0x2000'00e0     0x8  main.o [1]
  .bss                   zero     0x2000'00e8     0x8  main.o [1]
  .bss                   zero     0x2000'00f0     0x8  main.o [1]
  .bss                   zero     0x2000'00f8     0x8  main.o [1]
  .bss                   zero     0x2000'0100     0x8  main.o [1]
  .bss                   zero     0x2000'0108     0x8  heap0.o [4]
  .bss                   zero     0x2000'0110     0x4  cppinit.o [4]
  .bss                   zero     0x2000'0114     0x4  cppinit.o [4]
  .bss                   zero     0x2000'0118     0x1  main.o [1]
                                - 0x2000'0119    0xfd

"P2", part 3 of 3:                             0x219c
  .iar.dynexit                    0x2000'011c   0x198  <Block>
    .iar.dynexit         uninit   0x2000'011c     0xc  cppinit.o [4]
    .iar.dynexit         uninit   0x2000'0128   0x18c  <Block tail>
  CSTACK                          0x2000'02b8  0x2000  <Block>
    CSTACK               uninit   0x2000'02b8  0x2000  <Block tail>
                                - 0x2000'22b8  0x219c

Unused ranges:

         From           To      Size
         ----           --      ----
   0x800'1340   0x803'ffff  0x3'ecc0
  0x2000'22b8  0x2001'ffff  0x1'dd48


*******************************************************************************
*** INIT TABLE
***

          Address      Size
          -------      ----
Zero (__iar_zero_init3)
    1 destination range, total size 0xfd:
          0x2000'001c  0xfd

Copy (__iar_copy_init3)
    1 source range, total size 0x1c:
           0x800'1184  0x1c
    1 destination range, total size 0x1c:
          0x2000'0000  0x1c

Extra (__iar_cstart_call_ctors)



*******************************************************************************
*** MODULE SUMMARY
***

    Module                 ro code  ro data  rw data
    ------                 -------  -------  -------
command line/config:
    ------------------------------------------------
    Total:

R:\POIP\POIP\Project_8\Debug\Obj: [1]
    main.o                   2'348      284       74
    ------------------------------------------------
    Total:                   2'348      284       74

R:\POIP\POIP\Project_8\Debug\Obj\Components\Button: [2]
    Button.o                    88       12
    ------------------------------------------------
    Total:                      88       12

R:\POIP\POIP\Project_8\Debug\Obj\Components\LED: [3]
    LED.o                       58       16
    ------------------------------------------------
    Total:                      58       16

dl7M_tln.a: [4]
    XShttio.o                    8        8        8
    abort.o                      6
    cppinit.o                  160                20
    exit.o                       4
    heap0.o                    144                 8
    heaptramp0.o                 4
    low_level_init.o             4
    putchar.o                   32
    ------------------------------------------------
    Total:                     362        8       36

dlpp7M_tls_nc.a: [5]
    ios.o                      256       20       68
    iostream_cout.o            434      196      112
    ------------------------------------------------
    Total:                     690      216      180

dlpprt7M_tl_nc.a: [6]
    cxxabi.o                    10
    delop4_0.o                   4
    delop_0.o                   10
    ------------------------------------------------
    Total:                      24

m7M_tls.a: [7]
    fpinit_M.o                  34
    ------------------------------------------------
    Total:                      34

rt7M_tl.a: [8]
    ABImemcpy_unaligned.o      118
    cexit.o                     14
    cmain.o                     30
    cmain_call_ctors.o          32
    copy_init3.o                42
    cstart_call_dtors.o
    cstartup_M.o                28
    data_init.o                 40
    strlen.o                    54
    vector_table_M.o            64
    vectortrap_M.o               2
    zero_init3.o                56
    ------------------------------------------------
    Total:                     480

shb_l.a: [9]
    dwrite.o                    30
    exit.o                      20
    iarttio.o                  124
    iarwrite.o                  34
    iarwstd.o                   32
    unwind_debug.o                        1
    write.o                     16
    ------------------------------------------------
    Total:                     256        1

    Gaps                         6        4        4
    Linker created                       40    8'588
----------------------------------------------------
    Grand Total:             4'346      581    8'882


*******************************************************************************
*** ENTRY LIST
***

Entry                       Address   Size  Type      Object
-----                       -------   ----  ----      ------
.iar.dynexit$$Base      0x2000'011c          --   Gb  - Linker created -
.iar.dynexit$$Limit     0x2000'02b4          --   Gb  - Linker created -
.iar.init_table$$Base    0x800'101c          --   Gb  - Linker created -
.iar.init_table$$Limit   0x800'1044          --   Gb  - Linker created -
?main                    0x800'1131         Code  Gb  cmain.o [8]
Aldata                  0x2000'0108    0x8  Data  Lc  heap0.o [4]
BusFault_Handler         0x800'0a2f         Code  Wk  vectortrap_M.o [8]
Button::Button(IPinReadable const &)
                         0x800'0901   0x16  Code  Gb  Button.o [2]
Button::IsPressed() const
                         0x800'091d   0x2e  Code  Gb  Button.o [2]
CSTACK$$Base            0x2000'02b8          --   Gb  - Linker created -
CSTACK$$Limit           0x2000'22b8          --   Gb  - Linker created -
DebugMon_Handler         0x800'0a2f         Code  Wk  vectortrap_M.o [8]
DtorRecArray            0x2000'011c    0xc  Data  Lc  cppinit.o [4]
Fake::Toggle() const     0x800'10e5   0x20  Code  Wk  main.o [1]
Fake::Toggle() const::string
                         0x800'12e8    0x8  Data  Wk  main.o [1]
HardFault_Handler        0x800'0a2f         Code  Wk  vectortrap_M.o [8]
IButton::IButton()       0x800'0a7b    0x2  Code  Wk  Button.o [2]
IButton::IButton() [subobject]
                         0x800'0a23    0xc  Code  Wk  Button.o [2]
ILed * * std::_Addressof<ILed *>(ILed * &, std::integral_constant<bool, (bool)0>)
                         0x800'0a7d    0x2  Code  Wk  main.o [1]
ILed * * std::addressof<ILed *>(ILed * &)
                         0x800'0a31   0x14  Code  Wk  main.o [1]
ILed::ILed()             0x800'0a79    0x2  Code  Wk  LED.o [3]
ILed::ILed() [subobject]
                         0x800'0a17    0xc  Code  Wk  LED.o [3]
Initialization guard variable for std::ctype<char> const & std::use_facet<std::ctype<char>>()::_MyFacet
                        0x2000'0118    0x1  Data  Wk  main.o [1]
Led::Led(IPin const &)   0x800'08d5   0x16  Code  Gb  LED.o [3]
Led::Toggle() const      0x800'08f1   0x10  Code  Gb  LED.o [3]
MemManage_Handler        0x800'0a2f         Code  Wk  vectortrap_M.o [8]
NMI_Handler              0x800'0a2f         Code  Wk  vectortrap_M.o [8]
PendSV_Handler           0x800'0a2f         Code  Wk  vectortrap_M.o [8]
Pin<GPIOC, (int)13>::IsHigh() const
                         0x800'1271   0x10  Code  Wk  main.o [1]
Pin<GPIOC, (int)13>::Toggle() const
                         0x800'129d    0xe  Code  Wk  main.o [1]
Pin<GPIOC, (int)6>::IsHigh() const
                         0x800'1225   0x10  Code  Wk  main.o [1]
Pin<GPIOC, (int)6>::Toggle() const
                         0x800'12c5    0xc  Code  Wk  main.o [1]
Pin<GPIOC, (int)7>::IsHigh() const
                         0x800'1241   0x10  Code  Wk  main.o [1]
Pin<GPIOC, (int)7>::Toggle() const
                         0x800'12d1    0xc  Code  Wk  main.o [1]
Pin<GPIOC, (int)8>::IsHigh() const
                         0x800'1251   0x10  Code  Wk  main.o [1]
Pin<GPIOC, (int)8>::Toggle() const
                         0x800'1281    0xe  Code  Wk  main.o [1]
Pin<GPIOC, (int)9>::IsHigh() const
                         0x800'1261   0x10  Code  Wk  main.o [1]
Pin<GPIOC, (int)9>::Toggle() const
                         0x800'128f    0xe  Code  Wk  main.o [1]
Region$$Table$$Base      0x800'101c          --   Gb  - Linker created -
Region$$Table$$Limit     0x800'1044          --   Gb  - Linker created -
SHT$$INIT_ARRAY$$Base    0x800'12e0          --   Gb  - Linker created -
SHT$$INIT_ARRAY$$Limit   0x800'12e8          --   Gb  - Linker created -
SHT$$PREINIT_ARRAY$$Base
                         0x800'12dc          --   Gb  - Linker created -
SHT$$PREINIT_ARRAY$$Limit
                         0x800'12e0          --   Gb  - Linker created -
SVC_Handler              0x800'0a2f         Code  Wk  vectortrap_M.o [8]
SysTick_Handler          0x800'0a2f         Code  Wk  vectortrap_M.o [8]
Thunk for (offset -4) Pin<GPIOC, (int)13>::IsHigh() const
                         0x800'1331    0x6  Code  Wk  main.o [1]
Thunk for (offset -4) Pin<GPIOC, (int)6>::IsHigh() const
                         0x800'1319    0x6  Code  Wk  main.o [1]
Thunk for (offset -4) Pin<GPIOC, (int)7>::IsHigh() const
                         0x800'131f    0x6  Code  Wk  main.o [1]
Thunk for (offset -4) Pin<GPIOC, (int)8>::IsHigh() const
                         0x800'1325    0x6  Code  Wk  main.o [1]
Thunk for (offset -4) Pin<GPIOC, (int)9>::IsHigh() const
                         0x800'132b    0x6  Code  Wk  main.o [1]
UsageFault_Handler       0x800'0a2f         Code  Wk  vectortrap_M.o [8]
Virtual function table for Button
                         0x800'12b8    0xc  Data  Wk  Button.o [2]
Virtual function table for Fake
                         0x800'11e4   0x10  Data  Wk  main.o [1]
Virtual function table for Led
                         0x800'11b4   0x10  Data  Wk  LED.o [3]
Virtual function table for Pin<GPIOC, (int)13>
                         0x800'10c4   0x20  Data  Wk  main.o [1]
Virtual function table for Pin<GPIOC, (int)6>
                         0x800'1044   0x20  Data  Wk  main.o [1]
Virtual function table for Pin<GPIOC, (int)7>
                         0x800'1064   0x20  Data  Wk  main.o [1]
Virtual function table for Pin<GPIOC, (int)8>
                         0x800'1084   0x20  Data  Wk  main.o [1]
Virtual function table for Pin<GPIOC, (int)9>
                         0x800'10a4   0x20  Data  Wk  main.o [1]
Virtual function table for std::_Wrap_facet<std::ctype<char>>
                         0x800'11d4   0x10  Data  Wk  main.o [1]
Virtual function table for std::__nobasic_filebuf<char, std::char_traits<char>>
                         0x800'0dc4   0x44  Data  Wk  iostream_cout.o [5]
Virtual function table for std::ctype<char>
                         0x800'11c4   0x10  Data  Wk  main.o [1]
Virtual function table for std::ios
                         0x800'1204   0x10  Data  Wk  iostream_cout.o [5]
Virtual function table for std::ios_base
                         0x800'11f4   0x10  Data  Wk  ios.o [5]
Virtual function table for std::ostream
                         0x800'0fa8   0x28  Data  Wk  iostream_cout.o [5]
Virtual function table for std::streambuf
                         0x800'0d80   0x44  Data  Wk  iostream_cout.o [5]
[local to ios_cpp]::std::stdopens
                        0x2000'008c    0xc  Data  Lc  ios.o [5]
[local to ios_cpp]::std::stdstr
                        0x2000'0098   0x28  Data  Lc  ios.o [5]
[local to iostream_cout_cpp]::std::__iarcoutguard
                        0x2000'0048    0x1  Data  Lc  iostream_cout.o [5]
[local to iostream_cout_cpp]::std::fout
                        0x2000'004c   0x40  Data  Lc  iostream_cout.o [5]
__aeabi_atexit           0x800'0c21    0xa  Code  Gb  cxxabi.o [6]
__basic_free             0x800'0781   0x16  Code  Gb  heap0.o [4]
__basic_free_intern      0x800'0797   0x74  Code  Lc  heap0.o [4]
__call_ctors             0x800'0a95   0x18  Code  Gb  cppinit.o [4]
__call_dtors             0x800'0ae3    0xc  Code  Gb  cppinit.o [4]
__call_dtors0            0x800'0aef   0x36  Code  Gb  cppinit.o [4]
__cexit_call_dtors       0x800'115b         Code  Gb  cexit.o [8]
__cmain                  0x800'1131         Code  Gb  cmain.o [8]
__cstart_call_dtors      0x800'1340         Data  Gb  cstart_call_dtors.o [8]
__cxa_atexit             0x800'0aad   0x36  Code  Gb  cppinit.o [4]
__dso_handle            0x2000'0114    0x4  Data  Gb  cppinit.o [4]
__dwrite                 0x800'0e71   0x1e  Code  Gb  dwrite.o [9]
__exit                   0x800'06d9   0x14  Code  Gb  exit.o [9]
__iar_close_ttio         0x800'06f9   0x2c  Code  Gb  iarttio.o [9]
__iar_copy_init3         0x800'04a3   0x2a  Code  Gb  copy_init3.o [8]
__iar_cstart_call_ctors
                         0x800'1111   0x20  Code  Gb  cmain_call_ctors.o [8]
__iar_data_init3         0x800'0fd1   0x28  Code  Gb  data_init.o [8]
__iar_debug_exceptions   0x800'0a93    0x1  Data  Gb  unwind_debug.o [9]
__iar_get_ttio           0x800'0725   0x4c  Code  Gb  iarttio.o [9]
__iar_init_vfp           0x800'0ff9         Code  Gb  fpinit_M.o [7]
__iar_lookup_ttioh       0x800'0779    0x8  Code  Gb  XShttio.o [4]
__iar_program_start      0x800'1169         Code  Gb  cstartup_M.o [8]
__iar_sh_stdout          0x800'0e8f   0x20  Code  Gb  iarwstd.o [9]
__iar_sh_write           0x800'0eaf   0x22  Code  Gb  iarwrite.o [9]
__iar_tls$$INIT_ARRAY$$Base
                         0x800'12e8          --   Gb  - Linker created -
__iar_tls$$INIT_ARRAY$$Limit
                         0x800'12e8          --   Gb  - Linker created -
__iar_ttio_handles      0x2000'0014    0x8  Data  Lc  XShttio.o [4]
__iar_unaligned_memcpy   0x800'0cad         Code  Gb  ABImemcpy_unaligned.o [8]
__iar_unaligned_memcpy4
                         0x800'0ccd         Code  Gb  ABImemcpy_unaligned.o [8]
__iar_unaligned_memcpy8
                         0x800'0ccd         Code  Gb  ABImemcpy_unaligned.o [8]
__iar_zero_init3         0x800'0ed1   0x38  Code  Gb  zero_init3.o [8]
__low_level_init         0x800'114f    0x4  Code  Gb  low_level_init.o [4]
__sti__routine           0x800'0811   0x34  Code  Lc  main.o [1]
__sti__routine           0x800'04cf    0xa  Code  Lc  ios.o [5]
__sti__routine           0x800'0b35   0x90  Code  Lc  iostream_cout.o [5]
__vector_table           0x800'0000         Data  Gb  vector_table_M.o [8]
__write                  0x800'0e61   0x10  Code  Gb  write.o [9]
_call_main               0x800'113d         Code  Gb  cmain.o [8]
_exit                    0x800'1159         Code  Gb  cexit.o [8]
abort                    0x800'0639    0x6  Code  Gb  abort.o [4]
exit                     0x800'1153    0x4  Code  Gb  exit.o [4]
fakepinC9                0x800'1338    0x4  Data  Wk  main.o [1]
free                     0x800'0775    0x4  Code  Gb  heaptramp0.o [4]
led1                    0x2000'00d8    0x8  Data  Gb  main.o [1]
led2                    0x2000'00e0    0x8  Data  Gb  main.o [1]
led3                    0x2000'00e8    0x8  Data  Gb  main.o [1]
led4                    0x2000'00f0    0x8  Data  Gb  main.o [1]
led5                    0x2000'0100    0x8  Data  Gb  main.o [1]
leds                    0x2000'0000   0x14  Data  Gb  main.o [1]
main                     0x800'0845   0x58  Code  Gb  main.o [1]
next_abi_dtor_rec       0x2000'0110    0x4  Data  Lc  cppinit.o [4]
operator delete (void *)
                         0x800'06ed    0xa  Code  Gb  delop_0.o [6]
operator delete (void *, unsigned int)
                         0x800'063f    0x4  Code  Gb  delop4_0.o [6]
pinC13                   0x800'1310    0x8  Data  Wk  main.o [1]
pinC6                    0x800'12f0    0x8  Data  Wk  main.o [1]
pinC7                    0x800'12f8    0x8  Data  Wk  main.o [1]
pinC8                    0x800'1300    0x8  Data  Wk  main.o [1]
pinC9                    0x800'1308    0x8  Data  Wk  main.o [1]
putchar                  0x800'0e41   0x20  Code  Gb  putchar.o [4]
std::_Array_const_iterator<ILed *, (unsigned int)5>::_Array_const_iterator(ILed *const *, unsigned int)
                         0x800'0a8b    0x8  Code  Wk  main.o [1]
std::_Array_const_iterator<ILed *, (unsigned int)5>::_Array_const_iterator(ILed *const *, unsigned int) [subobject]
                         0x800'0a7f    0xc  Code  Wk  main.o [1]
std::_Array_const_iterator<ILed *, (unsigned int)5>::operator !=(const std::_Array_const_iterator<ILed *, (unsigned int)5>&) const
                         0x800'09e1   0x1c  Code  Wk  main.o [1]
std::_Array_const_iterator<ILed *, (unsigned int)5>::operator *() const
                         0x800'0a6d    0x4  Code  Wk  main.o [1]
std::_Array_const_iterator<ILed *, (unsigned int)5>::operator ++()
                         0x800'0a71    0x8  Code  Wk  main.o [1]
std::_Array_const_iterator<ILed *, (unsigned int)5>::operator ==(const std::_Array_const_iterator<ILed *, (unsigned int)5>&) const
                         0x800'0a5b   0x12  Code  Wk  main.o [1]
std::_Array_iterator<ILed *, (unsigned int)5>::_Array_iterator(ILed **, unsigned int)
                         0x800'0a45   0x16  Code  Wk  main.o [1]
std::_Array_iterator<ILed *, (unsigned int)5>::operator *() const
                         0x800'09fd    0xc  Code  Wk  main.o [1]
std::_Array_iterator<ILed *, (unsigned int)5>::operator ++()
                         0x800'0a09    0xe  Code  Wk  main.o [1]
std::_Fpz               0x2000'00c8   0x10  Data  Gb  ios.o [5]
std::_Wrap_facet<std::ctype<char>>::_Wrap_facet()
                         0x800'0f79   0x18  Code  Wk  main.o [1]
std::__iar_cout_guard::~__iar_cout_guard()
                         0x800'11a1   0x14  Code  Wk  iostream_cout.o [5]
std::__nobasic_filebuf<char, std::char_traits<char>>::__nobasic_filebuf()
                         0x800'0bc5   0x5c  Code  Wk  iostream_cout.o [5]
std::__nobasic_filebuf<char, std::char_traits<char>>::overflow(int)
                         0x800'0e09   0x38  Code  Wk  iostream_cout.o [5]
std::array<ILed *, (unsigned int)5>::begin()
                         0x800'09b1   0x18  Code  Wk  main.o [1]
std::array<ILed *, (unsigned int)5>::end()
                         0x800'09c9   0x18  Code  Wk  main.o [1]
std::char_traits<char>::eq_int_type(int const &, int const &)
                         0x800'02e3   0x12  Code  Wk  main.o [1]
std::char_traits<char>::length(char const *)
                         0x800'020f    0xc  Code  Wk  main.o [1]
std::char_traits<char>::to_int_type(char const &)
                         0x800'0421    0x4  Code  Wk  main.o [1]
std::cout               0x2000'001c   0x2c  Data  Gb  iostream_cout.o [5]
std::ctype<char> const & std::use_facet<std::ctype<char>>()
                         0x800'0f51   0x20  Code  Wk  main.o [1]
std::ctype<char> const & std::use_facet<std::ctype<char>>()::_MyFacet
                        0x2000'00c0    0x4  Data  Wk  main.o [1]
std::ctype<char>::ctype()
                         0x800'0f9d    0xc  Code  Wk  main.o [1]
std::ctype<char>::ctype() [subobject]
                         0x800'0f91    0xc  Code  Wk  main.o [1]
std::ctype<char>::widen(char) const
                         0x800'0f71    0x8  Code  Wk  main.o [1]
std::ios::clear(std::_Iosb<int>::_Iostate, bool)
                         0x800'0429   0x24  Code  Wk  main.o [1]
std::ios::fill() const   0x800'02a7    0x6  Code  Wk  main.o [1]
std::ios::rdbuf() const
                         0x800'02ad    0x4  Code  Wk  main.o [1]
std::ios::setstate(std::_Iosb<int>::_Iostate, bool)
                         0x800'0313   0x28  Code  Wk  main.o [1]
std::ios::tie() const    0x800'03a3    0x4  Code  Wk  main.o [1]
std::ios::widen(char) const
                         0x800'0f37   0x18  Code  Wk  main.o [1]
std::ios_base::_Addstd(std::ios_base*)
                         0x800'0539   0x32  Code  Gb  ios.o [5]
std::ios_base::_Callfns(std::ios_base::event)
                         0x800'051d   0x1c  Code  Gb  ios.o [5]
std::ios_base::_Init()   0x800'0579   0x1c  Code  Gb  ios.o [5]
std::ios_base::_Tidy()   0x800'0595   0x38  Code  Gb  ios.o [5]
std::ios_base::clear(std::_Iosb<int>::_Iostate, bool)
                         0x800'04d9   0x20  Code  Gb  ios.o [5]
std::ios_base::flags() const
                         0x800'029d    0x4  Code  Wk  main.o [1]
std::ios_base::good() const
                         0x800'038b   0x18  Code  Wk  main.o [1]
std::ios_base::rdstate() const
                         0x800'0425    0x4  Code  Wk  main.o [1]
std::ios_base::width() const
                         0x800'021b    0x4  Code  Wk  main.o [1]
std::ios_base::width(int)
                         0x800'030b    0x8  Code  Wk  main.o [1]
std::ios_base::~ios_base()
                         0x800'04f9   0x24  Code  Gb  ios.o [5]
std::ios_base::~ios_base() [subobject]
                         0x800'04cd    0x2  Code  Gb  ios.o [5]
std::operator &(std::_Iosb<int>::_Fmtflags, std::_Iosb<int>::_Fmtflags)
                         0x800'02a1    0x6  Code  Wk  main.o [1]
std::operator |=(std::_Iosb<int>::_Iostate &, std::_Iosb<int>::_Iostate)
                         0x800'0295    0x8  Code  Wk  main.o [1]
std::ostream & std::endl<char, std::char_traits<char>>(std::ostream &)
                         0x800'0f09   0x2e  Code  Wk  main.o [1]
std::ostream & std::operator <<<std::char_traits<char>>(std::ostream &, char const *)
                         0x800'0041  0x1ce  Code  Wk  main.o [1]
std::ostream::_Flush_sentry::_Flush_sentry(std::ostream&)
                         0x800'0459   0x28  Code  Wk  main.o [1]
std::ostream::_Flush_sentry::_Flush_sentry(std::ostream&) [subobject]
                         0x800'037f    0xc  Code  Wk  main.o [1]
std::ostream::_Flush_sentry::operator bool() const
                         0x800'0291    0x4  Code  Wk  main.o [1]
std::ostream::_Flush_sentry::~_Flush_sentry()
                         0x800'048f   0x14  Code  Wk  main.o [1]
std::ostream::_Flush_sentry::~_Flush_sentry() [subobject]
                         0x800'044d    0xc  Code  Wk  main.o [1]
std::ostream::_Osfx()    0x800'05d9   0x54  Code  Wk  main.o [1]
std::ostream::_Sentry_base::_Sentry_base(std::ostream&)
                         0x800'0643   0x4a  Code  Wk  main.o [1]
std::ostream::_Sentry_base::_Sentry_base(std::ostream&) [subobject]
                         0x800'05cd    0xc  Code  Wk  main.o [1]
std::ostream::_Sentry_base::~_Sentry_base()
                         0x800'068d   0x46  Code  Wk  main.o [1]
std::ostream::_Sentry_base::~_Sentry_base() [subobject]
                         0x800'062d    0xc  Code  Wk  main.o [1]
std::ostream::flush()    0x800'03a7   0x54  Code  Wk  main.o [1]
std::ostream::operator <<(std::ostream&(*)(std::ostream&))
                         0x800'1105    0xc  Code  Wk  main.o [1]
std::ostream::put(char)
                         0x800'0c2b   0x82  Code  Wk  main.o [1]
std::ostream::sentry::sentry(std::ostream&)
                         0x800'021f   0x72  Code  Wk  main.o [1]
std::ostream::sentry::~sentry()
                         0x800'033b    0xe  Code  Wk  main.o [1]
std::ostream::~basic_ostream()
                         0x800'12ab    0xe  Code  Wk  iostream_cout.o [5]
std::streambuf::_Lock()
                         0x800'06f7    0x2  Code  Wk  iostream_cout.o [5]
std::streambuf::_Pnavail() const
                         0x800'03fb   0x18  Code  Wk  main.o [1]
std::streambuf::_Pninc()
                         0x800'0413    0xe  Code  Wk  main.o [1]
std::streambuf::_Unlock()
                         0x800'094b    0x2  Code  Wk  iostream_cout.o [5]
std::streambuf::overflow(int)
                         0x800'06d3    0x6  Code  Wk  iostream_cout.o [5]
std::streambuf::pubsync()
                         0x800'0481    0xe  Code  Wk  main.o [1]
std::streambuf::sputc(char)
                         0x800'02b1   0x32  Code  Wk  main.o [1]
std::streambuf::sputn(char const *, int)
                         0x800'02f5   0x16  Code  Wk  main.o [1]
std::streambuf::sync()   0x800'133d    0x4  Code  Wk  iostream_cout.o [5]
std::streambuf::xsputn(char const *, int)
                         0x800'0d23   0x5e  Code  Wk  iostream_cout.o [5]
strlen                   0x800'0349         Code  Gb  strlen.o [8]
unsigned int RegisterBase<(unsigned int)1073874960, (unsigned int)32, ReadMode>::Get<ReadMode, void>()
                         0x800'1235    0xc  Code  Wk  main.o [1]
userButton1             0x2000'00f8    0x8  Data  Gb  main.o [1]
void FieldValueBase<GPIOC_MODER_MODER15_Values<GPIOC::MODER, (unsigned int)12, (unsigned int)2, ReadWriteMode, GPIOC::GPIOCMODERBase>, GPIOC::GPIOCMODERBase, (unsigned int)1>::Set<ReadWriteMode, void>()
                         0x800'0961   0x14  Code  Wk  main.o [1]
void FieldValueBase<GPIOC_MODER_MODER15_Values<GPIOC::MODER, (unsigned int)14, (unsigned int)2, ReadWriteMode, GPIOC::GPIOCMODERBase>, GPIOC::GPIOCMODERBase, (unsigned int)1>::Set<ReadWriteMode, void>()
                         0x800'0975   0x14  Code  Wk  main.o [1]
void FieldValueBase<GPIOC_MODER_MODER15_Values<GPIOC::MODER, (unsigned int)16, (unsigned int)2, ReadWriteMode, GPIOC::GPIOCMODERBase>, GPIOC::GPIOCMODERBase, (unsigned int)1>::Set<ReadWriteMode, void>()
                         0x800'0989   0x14  Code  Wk  main.o [1]
void FieldValueBase<GPIOC_MODER_MODER15_Values<GPIOC::MODER, (unsigned int)18, (unsigned int)2, ReadWriteMode, GPIOC::GPIOCMODERBase>, GPIOC::GPIOCMODERBase, (unsigned int)1>::Set<ReadWriteMode, void>()
                         0x800'099d   0x14  Code  Wk  main.o [1]
void FieldValueBase<RCC_AHB1ENR_GPIOCEN_Values<RCC::AHB1ENR, (unsigned int)2, (unsigned int)1, ReadWriteMode, RCC::RCCAHB1ENRBase>, RCC::RCCAHB1ENRBase, (unsigned int)1>::Set<ReadWriteMode, void>()
                         0x800'094d   0x14  Code  Wk  main.o [1]
void RegisterBase<(unsigned int)1073874964, (unsigned int)32, ReadWriteMode>::Toggle<ReadWriteMode, void>(unsigned int)
                         0x800'1215   0x10  Code  Wk  main.o [1]


[1] = R:\POIP\POIP\Project_8\Debug\Obj
[2] = R:\POIP\POIP\Project_8\Debug\Obj\Components\Button
[3] = R:\POIP\POIP\Project_8\Debug\Obj\Components\LED
[4] = dl7M_tln.a
[5] = dlpp7M_tls_nc.a
[6] = dlpprt7M_tl_nc.a
[7] = m7M_tls.a
[8] = rt7M_tl.a
[9] = shb_l.a

  4'346 bytes of readonly  code memory
    581 bytes of readonly  data memory
  8'882 bytes of readwrite data memory

Errors: none
Warnings: none
