###############################################################################
#
# IAR ELF Linker V9.30.1.335/W64 for ARM                  12/Oct/2022  16:10:44
# Copyright 2007-2022 IAR Systems AB.
#
#    Output file  =  F:\Github\Kolodiy\2.1project\Debug\Exe\2proh.out
#    Map file     =  F:\Github\Kolodiy\2.1project\Debug\List\2proh.map
#    Command line =
#        -f F:\Github\Kolodiy\2.1project\Debug\Exe\2proh.out.rsp
#        (F:\Github\Kolodiy\2.1project\Debug\Obj\Untitled1.o --no_out_extension
#        -o F:\Github\Kolodiy\2.1project\Debug\Exe\2proh.out --map
#        F:\Github\Kolodiy\2.1project\Debug\List\2proh.map --config
#        F:\Github\Kolodiy\2.1project\2proh.icf --semihosting --entry
#        __iar_program_start --vfe --text_out locale --cpu=Cortex-M4
#        --fpu=VFPv4_sp)
#
###############################################################################

*******************************************************************************
*** RUNTIME MODEL ATTRIBUTES
***

CppFlavor        = *
__CPP_Exceptions = Disabled
__CPP_Language   = C++14
__CPP_Library    = DLib
__CPP_Runtime    = 1
__SystemLibrary  = DLib
__dlib_version   = 6


*******************************************************************************
*** HEAP SELECTION
***

The basic heap was selected because --advanced_heap
was not specified and the application did not appear to
be primarily optimized for speed.


*******************************************************************************
*** PLACEMENT SUMMARY
***

"A0":  place at address 0x0 { ro section .intvec };
"P1":  place in [from 0x0 to 0x7'ffff] { ro };
define block CSTACK with size = 1K, alignment = 8 { };
define block PROC_STACK with size = 0, alignment = 8 { };
define block HEAP with size = 0, alignment = 8 { };
"P2":  place in [from 0x2000'0000 to 0x2000'ffff] {
          rw, block CSTACK, block PROC_STACK, block HEAP };

No sections matched the following patterns:

  rw  in "P2"


  Section   Kind         Address   Size  Object
  -------   ----         -------   ----  ------
"A0":                              0x40
  .intvec   ro code          0x0   0x40  vector_table_M.o [4]
                          - 0x40   0x40

"P1":                             0x1b8
  .text     ro code         0x40   0x74  Untitled1.o [1]
  .text     ro code         0xb4   0x14  Untitled1.o [1]
  .text     ro code         0xc8   0x14  Untitled1.o [1]
  .text     ro code         0xdc   0x14  Untitled1.o [1]
  .text     ro code         0xf0   0x14  Untitled1.o [1]
  .text     ro code        0x104   0x14  Untitled1.o [1]
  .text     ro code        0x118   0x14  Untitled1.o [1]
  .text     ro code        0x12c   0x14  Untitled1.o [1]
  .text     ro code        0x140   0x10  Untitled1.o [1]
  .text     ro code        0x150   0x10  Untitled1.o [1]
  .text     ro code        0x160   0x10  Untitled1.o [1]
  .text     ro code        0x170   0x22  fpinit_M.o [3]
  .text     ro code        0x192    0x2  vectortrap_M.o [4]
  .text     ro code        0x194   0x1e  cmain.o [4]
  .text     ro code        0x1b2    0x4  low_level_init.o [2]
  .text     ro code        0x1b6    0x4  exit.o [2]
  .rodata   const          0x1ba    0x1  unwind_debug.o [5]
  .text     ro code        0x1bc    0xa  cexit.o [4]
  .text     ro code        0x1c8   0x14  exit.o [5]
  .text     ro code        0x1dc   0x1c  cstartup_M.o [4]
                         - 0x1f8  0x1b8

"P2":                             0x400
  CSTACK             0x2000'0000  0x400  <Block>
    CSTACK  uninit   0x2000'0000  0x400  <Block tail>
                   - 0x2000'0400  0x400

Unused ranges:

         From           To      Size
         ----           --      ----
        0x1f8     0x7'ffff  0x7'fe08
  0x2000'0400  0x2000'ffff    0xfc00



*******************************************************************************
*** MODULE SUMMARY
***

    Module            ro code  ro data  rw data
    ------            -------  -------  -------
command line/config:
    -------------------------------------------
    Total:

F:\Github\Kolodiy\2.1project\Debug\Obj: [1]
    Untitled1.o           304
    -------------------------------------------
    Total:                304

dl7M_tln.a: [2]
    exit.o                  4
    low_level_init.o        4
    -------------------------------------------
    Total:                  8

m7M_tls.a: [3]
    fpinit_M.o             34
    -------------------------------------------
    Total:                 34

rt7M_tl.a: [4]
    cexit.o                10
    cmain.o                30
    cstartup_M.o           28
    vector_table_M.o       64
    vectortrap_M.o          2
    -------------------------------------------
    Total:                134

shb_l.a: [5]
    exit.o                 20
    unwind_debug.o                   1
    -------------------------------------------
    Total:                 20        1

    Gaps                    3
    Linker created                        1'024
-----------------------------------------------
    Grand Total:          503        1    1'024


*******************************************************************************
*** ENTRY LIST
***

Entry                       Address  Size  Type      Object
-----                       -------  ----  ----      ------
?main                         0x195        Code  Gb  cmain.o [4]
BusFault_Handler              0x193        Code  Wk  vectortrap_M.o [4]
CSTACK$$Base            0x2000'0000         --   Gb  - Linker created -
CSTACK$$Limit           0x2000'0400         --   Gb  - Linker created -
DebugMon_Handler              0x193        Code  Wk  vectortrap_M.o [4]
Delay(int)                     0x41  0x12  Code  Gb  Untitled1.o [1]
HardFault_Handler             0x193        Code  Wk  vectortrap_M.o [4]
MemManage_Handler             0x193        Code  Wk  vectortrap_M.o [4]
NMI_Handler                   0x193        Code  Wk  vectortrap_M.o [4]
PendSV_Handler                0x193        Code  Wk  vectortrap_M.o [4]
Region$$Table$$Base             0x0         --   Gb  - Linker created -
Region$$Table$$Limit            0x0         --   Gb  - Linker created -
SVC_Handler                   0x193        Code  Wk  vectortrap_M.o [4]
SysTick_Handler               0x193        Code  Wk  vectortrap_M.o [4]
UsageFault_Handler            0x193        Code  Wk  vectortrap_M.o [4]
__cmain                       0x195        Code  Gb  cmain.o [4]
__exit                        0x1c9  0x14  Code  Gb  exit.o [5]
__iar_debug_exceptions        0x1ba   0x1  Data  Gb  unwind_debug.o [5]
__iar_init_vfp                0x171        Code  Gb  fpinit_M.o [3]
__iar_program_start           0x1dd        Code  Gb  cstartup_M.o [4]
__low_level_init              0x1b3   0x4  Code  Gb  low_level_init.o [2]
__vector_table                  0x0        Data  Gb  vector_table_M.o [4]
_call_main                    0x1a1        Code  Gb  cmain.o [4]
_exit                         0x1bd        Code  Gb  cexit.o [4]
exit                          0x1b7   0x4  Code  Gb  exit.o [2]
main                           0x53  0x5e  Code  Gb  Untitled1.o [1]
void FieldValueBase<GPIOC_MODER_MODER15_Values<GPIOC::MODER, (unsigned int)14, (unsigned int)2, ReadWriteMode, GPIOC::GPIOCMODERBase>, GPIOC::GPIOCMODERBase, (unsigned int)1>::Set<ReadWriteMode, void>()
                               0xc9  0x14  Code  Wk  Untitled1.o [1]
void FieldValueBase<GPIOC_MODER_MODER15_Values<GPIOC::MODER, (unsigned int)16, (unsigned int)2, ReadWriteMode, GPIOC::GPIOCMODERBase>, GPIOC::GPIOCMODERBase, (unsigned int)1>::Set<ReadWriteMode, void>()
                               0xdd  0x14  Code  Wk  Untitled1.o [1]
void FieldValueBase<GPIOC_MODER_MODER15_Values<GPIOC::MODER, (unsigned int)18, (unsigned int)2, ReadWriteMode, GPIOC::GPIOCMODERBase>, GPIOC::GPIOCMODERBase, (unsigned int)1>::Set<ReadWriteMode, void>()
                               0xf1  0x14  Code  Wk  Untitled1.o [1]
void FieldValueBase<GPIOC_ODR_ODR7_Values<GPIOC::ODR, (unsigned int)7, (unsigned int)1, ReadWriteMode, GPIOC::GPIOCODRBase>, GPIOC::GPIOCODRBase, (unsigned int)0>::Set<ReadWriteMode, void>()
                              0x141  0x10  Code  Wk  Untitled1.o [1]
void FieldValueBase<GPIOC_ODR_ODR7_Values<GPIOC::ODR, (unsigned int)7, (unsigned int)1, ReadWriteMode, GPIOC::GPIOCODRBase>, GPIOC::GPIOCODRBase, (unsigned int)1>::Set<ReadWriteMode, void>()
                              0x105  0x14  Code  Wk  Untitled1.o [1]
void FieldValueBase<GPIOC_ODR_ODR8_Values<GPIOC::ODR, (unsigned int)8, (unsigned int)1, ReadWriteMode, GPIOC::GPIOCODRBase>, GPIOC::GPIOCODRBase, (unsigned int)0>::Set<ReadWriteMode, void>()
                              0x151  0x10  Code  Wk  Untitled1.o [1]
void FieldValueBase<GPIOC_ODR_ODR8_Values<GPIOC::ODR, (unsigned int)8, (unsigned int)1, ReadWriteMode, GPIOC::GPIOCODRBase>, GPIOC::GPIOCODRBase, (unsigned int)1>::Set<ReadWriteMode, void>()
                              0x119  0x14  Code  Wk  Untitled1.o [1]
void FieldValueBase<GPIOC_ODR_ODR9_Values<GPIOC::ODR, (unsigned int)9, (unsigned int)1, ReadWriteMode, GPIOC::GPIOCODRBase>, GPIOC::GPIOCODRBase, (unsigned int)0>::Set<ReadWriteMode, void>()
                              0x161  0x10  Code  Wk  Untitled1.o [1]
void FieldValueBase<GPIOC_ODR_ODR9_Values<GPIOC::ODR, (unsigned int)9, (unsigned int)1, ReadWriteMode, GPIOC::GPIOCODRBase>, GPIOC::GPIOCODRBase, (unsigned int)1>::Set<ReadWriteMode, void>()
                              0x12d  0x14  Code  Wk  Untitled1.o [1]
void FieldValueBase<RCC_AHB1ENR_GPIOCEN_Values<RCC::AHB1ENR, (unsigned int)2, (unsigned int)1, ReadWriteMode, RCC::RCCAHB1ENRBase>, RCC::RCCAHB1ENRBase, (unsigned int)1>::Set<ReadWriteMode, void>()
                               0xb5  0x14  Code  Wk  Untitled1.o [1]


[1] = F:\Github\Kolodiy\2.1project\Debug\Obj
[2] = dl7M_tln.a
[3] = m7M_tls.a
[4] = rt7M_tl.a
[5] = shb_l.a

    503 bytes of readonly  code memory
      1 byte  of readonly  data memory
  1'024 bytes of readwrite data memory

Errors: none
Warnings: none
