###############################################################################
#
# IAR ELF Linker V9.30.1.335/W64 for ARM                  21/Oct/2022  20:11:49
# Copyright 2007-2022 IAR Systems AB.
#
#    Output file  =  F:\Github\Kolodiy\4Otchet Ч копи€\Debug\Exe\258g.out
#    Map file     =  F:\Github\Kolodiy\4Otchet Ч копи€\Debug\List\258g.map
#    Command line =
#        -f "F:\Github\Kolodiy\4Otchet Ч копи€\Debug\Exe\258g.out.rsp"
#        ("F:\Github\Kolodiy\4Otchet Ч копи€\Debug\Obj\main.o"
#        --no_out_extension -o "F:\Github\Kolodiy\4Otchet Ч
#        копи€\Debug\Exe\258g.out" --redirect _Printf=_PrintfFullNoMb
#        --redirect _Scanf=_ScanfFullNoMb --map "F:\Github\Kolodiy\4Otchet Ч
#        копи€\Debug\List\258g.map" --config "F:\Github\Kolodiy\4Otchet Ч
#        копи€\258g.icf" --semihosting --entry __iar_program_start --vfe
#        --text_out locale --cpu=Cortex-M4 --fpu=VFPv4_sp)
#
###############################################################################

*******************************************************************************
*** RUNTIME MODEL ATTRIBUTES
***

CppFlavor        = *
__CPP_Exceptions = Disabled
__CPP_Language   = C++14
__CPP_Library    = libc++
__CPP_Runtime    = 1
__SystemLibrary  = DLib
__dlib_version   = 6


*******************************************************************************
*** HEAP SELECTION
***

The basic heap was selected because --advanced_heap
was not specified and the application did not appear to
be primarily optimized for speed.


*******************************************************************************
*** PLACEMENT SUMMARY
***

"A0":  place at address 0x800'0000 { ro section .intvec };
"P1":  place in [from 0x800'0000 to 0x803'ffff] { ro };
define block CSTACK with size = 8K, alignment = 8 { };
define block HEAP with size = 0, alignment = 8 { };
"P2":  place in [from 0x2000'0000 to 0x2001'ffff] {
          rw, block CSTACK, block HEAP };

No sections matched the following patterns:

  rw  in "P2"


  Section   Kind         Address    Size  Object
  -------   ----         -------    ----  ------
"A0":                               0x40
  .intvec   ro code   0x800'0000    0x40  vector_table_M.o [4]
                    - 0x800'0040    0x40

"P1":                              0x1a8
  .text     ro code   0x800'0040    0x64  main.o [1]
  .text     ro code   0x800'00a4    0x14  main.o [1]
  .text     ro code   0x800'00b8    0x14  main.o [1]
  .text     ro code   0x800'00cc    0x14  main.o [1]
  .text     ro code   0x800'00e0    0x14  main.o [1]
  .text     ro code   0x800'00f4    0x14  main.o [1]
  .text     ro code   0x800'0108    0x14  main.o [1]
  .text     ro code   0x800'011c    0x14  main.o [1]
  .text     ro code   0x800'0130    0x10  main.o [1]
  .text     ro code   0x800'0140    0x10  main.o [1]
  .text     ro code   0x800'0150    0x10  main.o [1]
  .text     ro code   0x800'0160    0x22  fpinit_M.o [3]
  .text     ro code   0x800'0182     0x2  vectortrap_M.o [4]
  .text     ro code   0x800'0184    0x1e  cmain.o [4]
  .text     ro code   0x800'01a2     0x4  low_level_init.o [2]
  .text     ro code   0x800'01a6     0x4  exit.o [2]
  .rodata   const     0x800'01aa     0x1  unwind_debug.o [5]
  .text     ro code   0x800'01ac     0xa  cexit.o [4]
  .text     ro code   0x800'01b8    0x14  exit.o [5]
  .text     ro code   0x800'01cc    0x1c  cstartup_M.o [4]
                    - 0x800'01e8   0x1a8

"P2":                             0x2000
  CSTACK             0x2000'0000  0x2000  <Block>
    CSTACK  uninit   0x2000'0000  0x2000  <Block tail>
                   - 0x2000'2000  0x2000

Unused ranges:

         From           To      Size
         ----           --      ----
   0x800'01e8   0x803'ffff  0x3'fe18
  0x2000'2000  0x2001'ffff  0x1'e000



*******************************************************************************
*** MODULE SUMMARY
***

    Module            ro code  ro data  rw data
    ------            -------  -------  -------
command line/config:
    -------------------------------------------
    Total:

F:\Github\Kolodiy\4Otchet Ч копи€\Debug\Obj: [1]
    main.o                288
    -------------------------------------------
    Total:                288

dl7M_tlf.a: [2]
    exit.o                  4
    low_level_init.o        4
    -------------------------------------------
    Total:                  8

m7M_tls.a: [3]
    fpinit_M.o             34
    -------------------------------------------
    Total:                 34

rt7M_tl.a: [4]
    cexit.o                10
    cmain.o                30
    cstartup_M.o           28
    vector_table_M.o       64
    vectortrap_M.o          2
    -------------------------------------------
    Total:                134

shb_l.a: [5]
    exit.o                 20
    unwind_debug.o                   1
    -------------------------------------------
    Total:                 20        1

    Gaps                    3
    Linker created                        8'192
-----------------------------------------------
    Grand Total:          487        1    8'192


*******************************************************************************
*** ENTRY LIST
***

Entry                       Address  Size  Type      Object
-----                       -------  ----  ----      ------
?main                    0x800'0185        Code  Gb  cmain.o [4]
BusFault_Handler         0x800'0183        Code  Wk  vectortrap_M.o [4]
CSTACK$$Base            0x2000'0000         --   Gb  - Linker created -
CSTACK$$Limit           0x2000'2000         --   Gb  - Linker created -
DebugMon_Handler         0x800'0183        Code  Wk  vectortrap_M.o [4]
Delay(int)               0x800'0041  0x12  Code  Gb  main.o [1]
HardFault_Handler        0x800'0183        Code  Wk  vectortrap_M.o [4]
MemManage_Handler        0x800'0183        Code  Wk  vectortrap_M.o [4]
NMI_Handler              0x800'0183        Code  Wk  vectortrap_M.o [4]
PendSV_Handler           0x800'0183        Code  Wk  vectortrap_M.o [4]
Region$$Table$$Base             0x0         --   Gb  - Linker created -
Region$$Table$$Limit            0x0         --   Gb  - Linker created -
SVC_Handler              0x800'0183        Code  Wk  vectortrap_M.o [4]
SysTick_Handler          0x800'0183        Code  Wk  vectortrap_M.o [4]
UsageFault_Handler       0x800'0183        Code  Wk  vectortrap_M.o [4]
__cmain                  0x800'0185        Code  Gb  cmain.o [4]
__exit                   0x800'01b9  0x14  Code  Gb  exit.o [5]
__iar_debug_exceptions   0x800'01aa   0x1  Data  Gb  unwind_debug.o [5]
__iar_init_vfp           0x800'0161        Code  Gb  fpinit_M.o [3]
__iar_program_start      0x800'01cd        Code  Gb  cstartup_M.o [4]
__low_level_init         0x800'01a3   0x4  Code  Gb  low_level_init.o [2]
__vector_table           0x800'0000        Data  Gb  vector_table_M.o [4]
_call_main               0x800'0191        Code  Gb  cmain.o [4]
_exit                    0x800'01ad        Code  Gb  cexit.o [4]
exit                     0x800'01a7   0x4  Code  Gb  exit.o [2]
main                     0x800'0053  0x4e  Code  Gb  main.o [1]
void FieldValueBase<GPIOC_MODER_MODER15_Values<GPIOC::MODER, (unsigned int)10, (unsigned int)2, ReadWriteMode, GPIOC::GPIOCMODERBase>, GPIOC::GPIOCMODERBase, (unsigned int)1>::Set<ReadWriteMode, void>()
                         0x800'00b9  0x14  Code  Wk  main.o [1]
void FieldValueBase<GPIOC_MODER_MODER15_Values<GPIOC::MODER, (unsigned int)16, (unsigned int)2, ReadWriteMode, GPIOC::GPIOCMODERBase>, GPIOC::GPIOCMODERBase, (unsigned int)1>::Set<ReadWriteMode, void>()
                         0x800'00cd  0x14  Code  Wk  main.o [1]
void FieldValueBase<GPIOC_MODER_MODER15_Values<GPIOC::MODER, (unsigned int)18, (unsigned int)2, ReadWriteMode, GPIOC::GPIOCMODERBase>, GPIOC::GPIOCMODERBase, (unsigned int)1>::Set<ReadWriteMode, void>()
                         0x800'00e1  0x14  Code  Wk  main.o [1]
void FieldValueBase<GPIOC_ODR_ODR5_Values<GPIOC::ODR, (unsigned int)5, (unsigned int)1, ReadWriteMode, GPIOC::GPIOCODRBase>, GPIOC::GPIOCODRBase, (unsigned int)0>::Set<ReadWriteMode, void>()
                         0x800'0131  0x10  Code  Wk  main.o [1]
void FieldValueBase<GPIOC_ODR_ODR5_Values<GPIOC::ODR, (unsigned int)5, (unsigned int)1, ReadWriteMode, GPIOC::GPIOCODRBase>, GPIOC::GPIOCODRBase, (unsigned int)1>::Set<ReadWriteMode, void>()
                         0x800'00f5  0x14  Code  Wk  main.o [1]
void FieldValueBase<GPIOC_ODR_ODR7_Values<GPIOC::ODR, (unsigned int)7, (unsigned int)1, ReadWriteMode, GPIOC::GPIOCODRBase>, GPIOC::GPIOCODRBase, (unsigned int)0>::Set<ReadWriteMode, void>()
                         0x800'0141  0x10  Code  Wk  main.o [1]
void FieldValueBase<GPIOC_ODR_ODR7_Values<GPIOC::ODR, (unsigned int)7, (unsigned int)1, ReadWriteMode, GPIOC::GPIOCODRBase>, GPIOC::GPIOCODRBase, (unsigned int)1>::Set<ReadWriteMode, void>()
                         0x800'0109  0x14  Code  Wk  main.o [1]
void FieldValueBase<GPIOC_ODR_ODR9_Values<GPIOC::ODR, (unsigned int)9, (unsigned int)1, ReadWriteMode, GPIOC::GPIOCODRBase>, GPIOC::GPIOCODRBase, (unsigned int)0>::Set<ReadWriteMode, void>()
                         0x800'0151  0x10  Code  Wk  main.o [1]
void FieldValueBase<GPIOC_ODR_ODR9_Values<GPIOC::ODR, (unsigned int)9, (unsigned int)1, ReadWriteMode, GPIOC::GPIOCODRBase>, GPIOC::GPIOCODRBase, (unsigned int)1>::Set<ReadWriteMode, void>()
                         0x800'011d  0x14  Code  Wk  main.o [1]
void FieldValueBase<RCC_AHB1ENR_GPIOCEN_Values<RCC::AHB1ENR, (unsigned int)2, (unsigned int)1, ReadWriteMode, RCC::RCCAHB1ENRBase>, RCC::RCCAHB1ENRBase, (unsigned int)1>::Set<ReadWriteMode, void>()
                         0x800'00a5  0x14  Code  Wk  main.o [1]


[1] = F:\Github\Kolodiy\4Otchet Ч копи€\Debug\Obj
[2] = dl7M_tlf.a
[3] = m7M_tls.a
[4] = rt7M_tl.a
[5] = shb_l.a

    487 bytes of readonly  code memory
      1 byte  of readonly  data memory
  8'192 bytes of readwrite data memory

Errors: none
Warnings: none
