###############################################################################
#
# IAR ELF Linker V9.30.1.335/W64 for ARM                  27/Nov/2022  14:00:19
# Copyright 2007-2022 IAR Systems AB.
#
#    Output file  =  R:\POIP\POIP\Project_8\Debug\Exe\Project_8.out
#    Map file     =  R:\POIP\POIP\Project_8\Debug\List\Project_8.map
#    Command line =
#        -f R:\POIP\POIP\Project_8\Debug\Exe\Project_8.out.rsp
#        (R:\POIP\POIP\Project_8\Debug\Obj\Components\LED\LED.o
#        R:\POIP\POIP\Project_8\Debug\Obj\main.o --no_out_extension -o
#        R:\POIP\POIP\Project_8\Debug\Exe\Project_8.out --map
#        R:\POIP\POIP\Project_8\Debug\List\Project_8.map --config
#        R:\POIP\POIP\Project_8\Project_8.icf --semihosting --entry
#        __iar_program_start --vfe --text_out locale --cpu=Cortex-M4
#        --fpu=VFPv4_sp)
#
###############################################################################

*******************************************************************************
*** RUNTIME MODEL ATTRIBUTES
***

CppFlavor                     = *
__CPP_Exceptions              = Disabled
__CPP_Language                = C++14
__CPP_Library                 = DLib
__CPP_Runtime                 = 1
__Heap_Handler                = Basic
__SystemLibrary               = DLib
__dlib_dynamic_initialization = normal
__dlib_version                = 6


*******************************************************************************
*** HEAP SELECTION
***

The basic heap was selected because --advanced_heap
was not specified and the application did not appear to
be primarily optimized for speed.


*******************************************************************************
*** PLACEMENT SUMMARY
***

"A0":  place at address 0x800'0000 { ro section .intvec };
"P1":  place in [from 0x800'0000 to 0x803'ffff] { ro };
define block CSTACK with size = 8K, alignment = 8 { };
define block HEAP with size = 0, alignment = 8 { };
"P2":  place in [from 0x2000'0000 to 0x2001'ffff] {
          rw, block CSTACK, block HEAP };
initialize by copy { rw };

  Section                Kind         Address    Size  Object
  -------                ----         -------    ----  ------
"A0":                                            0x40
  .intvec                ro code   0x800'0000    0x40  vector_table_M.o [7]
                                 - 0x800'0040    0x40

"P1":                                          0x11e8
  .text                  ro code   0x800'0040   0x1ce  main.o [1]
  .text                  ro code   0x800'020e     0xc  main.o [1]
  .text                  ro code   0x800'021a     0x4  main.o [1]
  .text                  ro code   0x800'021e    0x72  main.o [1]
  .text                  ro code   0x800'0290     0x4  main.o [1]
  .text                  ro code   0x800'0294     0x8  main.o [1]
  .text                  ro code   0x800'029c     0x4  main.o [1]
  .text                  ro code   0x800'02a0     0x6  main.o [1]
  .text                  ro code   0x800'02a6     0x6  main.o [1]
  .text                  ro code   0x800'02ac     0x4  main.o [1]
  .text                  ro code   0x800'02b0    0x32  main.o [1]
  .text                  ro code   0x800'02e2    0x12  main.o [1]
  .text                  ro code   0x800'02f4    0x16  main.o [1]
  .text                  ro code   0x800'030a     0x8  main.o [1]
  .text                  ro code   0x800'0312    0x28  main.o [1]
  .text                  ro code   0x800'033a     0xe  main.o [1]
  .text                  ro code   0x800'0348    0x36  strlen.o [7]
  .text                  ro code   0x800'037e     0xc  main.o [1]
  .text                  ro code   0x800'038a    0x18  main.o [1]
  .text                  ro code   0x800'03a2     0x4  main.o [1]
  .text                  ro code   0x800'03a6    0x54  main.o [1]
  .text                  ro code   0x800'03fa    0x18  main.o [1]
  .text                  ro code   0x800'0412     0xe  main.o [1]
  .text                  ro code   0x800'0420     0x4  main.o [1]
  .text                  ro code   0x800'0424     0x4  main.o [1]
  .text                  ro code   0x800'0428    0x24  main.o [1]
  .text                  ro code   0x800'044c     0xc  main.o [1]
  .text                  ro code   0x800'0458    0x28  main.o [1]
  .text                  ro code   0x800'0480     0xe  main.o [1]
  .text                  ro code   0x800'048e    0x14  main.o [1]
  .text                  ro code   0x800'04a2    0x2a  copy_init3.o [7]
  .text                  ro code   0x800'04cc   0x100  ios.o [4]
  .text                  ro code   0x800'05cc     0xc  main.o [1]
  .text                  ro code   0x800'05d8    0x54  main.o [1]
  .text                  ro code   0x800'062c     0xc  main.o [1]
  .text                  ro code   0x800'0638     0x6  abort.o [3]
  .text                  ro code   0x800'063e     0x4  delop4_0.o [5]
  .text                  ro code   0x800'0642    0x4a  main.o [1]
  .text                  ro code   0x800'068c    0x46  main.o [1]
  .text                  ro code   0x800'06d2     0x6  iostream_cout.o [4]
  .text                  ro code   0x800'06d8    0x14  exit.o [8]
  .text                  ro code   0x800'06ec     0xa  delop_0.o [5]
  .text                  ro code   0x800'06f6     0x2  iostream_cout.o [4]
  .text                  ro code   0x800'06f8    0x7c  iarttio.o [8]
  .text                  ro code   0x800'0774     0x4  heaptramp0.o [3]
  .text                  ro code   0x800'0778     0x8  XShttio.o [3]
  .text                  ro code   0x800'0780    0x90  heap0.o [3]
  .text                  ro code   0x800'0810    0xd0  main.o [1]
  .text                  ro code   0x800'08e0    0x2c  LED.o [2]
  .text                  ro code   0x800'090c    0x14  main.o [1]
  .text                  ro code   0x800'0920    0x14  main.o [1]
  .text                  ro code   0x800'0934    0x14  main.o [1]
  .text                  ro code   0x800'0948    0x14  main.o [1]
  .text                  ro code   0x800'095c    0x14  main.o [1]
  .text                  ro code   0x800'0970    0x18  main.o [1]
  .text                  ro code   0x800'0988    0x18  main.o [1]
  .text                  ro code   0x800'09a0    0x1c  main.o [1]
  .text                  ro code   0x800'09bc     0xc  main.o [1]
  .text                  ro code   0x800'09c8     0xe  main.o [1]
  .text                  ro code   0x800'09d6     0xc  LED.o [2]
  .text                  ro code   0x800'09e2     0x2  iostream_cout.o [4]
  .text                  ro code   0x800'09e4    0x14  main.o [1]
  .text                  ro code   0x800'09f8    0x16  main.o [1]
  .text                  ro code   0x800'0a0e    0x12  main.o [1]
  .text                  ro code   0x800'0a20     0x4  main.o [1]
  .text                  ro code   0x800'0a24     0x8  main.o [1]
  .text                  ro code   0x800'0a2c     0x2  LED.o [2]
  .text                  ro code   0x800'0a2e     0x2  main.o [1]
  .text                  ro code   0x800'0a30     0xc  main.o [1]
  .text                  ro code   0x800'0a3c     0x8  main.o [1]
  .text                  ro code   0x800'0a44    0xa0  cppinit.o [3]
  .text                  ro code   0x800'0ae4    0x90  iostream_cout.o [4]
  .text                  ro code   0x800'0b74    0x5c  iostream_cout.o [4]
  .text                  ro code   0x800'0bd0     0xa  cxxabi.o [5]
  .text                  ro code   0x800'0bda    0x82  main.o [1]
  .text                  ro code   0x800'0c5c    0x76  ABImemcpy_unaligned.o [7]
  .text                  ro code   0x800'0cd2    0x5e  iostream_cout.o [4]
  .rodata                const     0x800'0d30    0x44  iostream_cout.o [4]
  .rodata                const     0x800'0d74    0x44  iostream_cout.o [4]
  .text                  ro code   0x800'0db8    0x38  iostream_cout.o [4]
  .text                  ro code   0x800'0df0    0x20  putchar.o [3]
  .text                  ro code   0x800'0e10    0x10  write.o [8]
  .text                  ro code   0x800'0e20    0x1e  dwrite.o [8]
  .text                  ro code   0x800'0e3e    0x20  iarwstd.o [8]
  .text                  ro code   0x800'0e5e    0x22  iarwrite.o [8]
  .text                  ro code   0x800'0e80    0x38  zero_init3.o [7]
  .text                  ro code   0x800'0eb8    0x2e  main.o [1]
  .text                  ro code   0x800'0ee6    0x18  main.o [1]
  .text                  ro code   0x800'0efe     0x2  vectortrap_M.o [7]
  .text                  ro code   0x800'0f00    0x20  main.o [1]
  .text                  ro code   0x800'0f20     0x8  main.o [1]
  .text                  ro code   0x800'0f28    0x18  main.o [1]
  .text                  ro code   0x800'0f40     0xc  main.o [1]
  .text                  ro code   0x800'0f4c     0xc  main.o [1]
  .rodata                const     0x800'0f58    0x28  iostream_cout.o [4]
  .text                  ro code   0x800'0f80    0x28  data_init.o [7]
  .text                  ro code   0x800'0fa8    0x22  fpinit_M.o [6]
  .iar.init_table        const     0x800'0fcc    0x28  - Linker created -
  .rodata                zero      0x800'0ff4     0x1  main.o [1]
  .rodata                const     0x800'0ff5     0x1  unwind_debug.o [8]
  .text                  ro code   0x800'0ff8    0x20  main.o [1]
  .text                  ro code   0x800'1018     0xc  main.o [1]
  .text                  ro code   0x800'1024    0x20  cmain_call_ctors.o [7]
  .text                  ro code   0x800'1044    0x1e  cmain.o [7]
  .text                  ro code   0x800'1062     0x4  low_level_init.o [3]
  .text                  ro code   0x800'1066     0x4  exit.o [3]
  .text                  ro code   0x800'106c     0xe  cexit.o [7]
  .rodata                const     0x800'107c    0x1c  main.o [1]
  .rodata                const     0x800'1098    0x1c  main.o [1]
  .rodata                const     0x800'10b4    0x1c  main.o [1]
  .rodata                const     0x800'10d0    0x1c  main.o [1]
  .text                  ro code   0x800'10ec    0x1c  cstartup_M.o [7]
  Initializer bytes      const     0x800'1108    0x1c  <for P2-1>
  .text                  ro code   0x800'1124    0x14  iostream_cout.o [4]
  .rodata                const     0x800'1138    0x10  LED.o [2]
  .rodata                const     0x800'1148    0x10  main.o [1]
  .rodata                const     0x800'1158    0x10  main.o [1]
  .rodata                const     0x800'1168    0x10  main.o [1]
  .rodata                const     0x800'1178    0x10  ios.o [4]
  .rodata                const     0x800'1188    0x10  iostream_cout.o [4]
  .text                  ro code   0x800'1198    0x10  main.o [1]
  .text                  ro code   0x800'11a8     0xe  main.o [1]
  .text                  ro code   0x800'11b6     0xe  main.o [1]
  .text                  ro code   0x800'11c4     0xe  iostream_cout.o [4]
  .text                  ro code   0x800'11d2     0xc  main.o [1]
  .text                  ro code   0x800'11de     0xc  main.o [1]
  SHT$$PREINIT_ARRAY               0x800'11ec     0x4  <Block>
    .preinit_array       const     0x800'11ec     0x4  iostream_cout.o [4]
  SHT$$INIT_ARRAY                  0x800'11f0     0x8  <Block>
    .init_array          const     0x800'11f0     0x4  main.o [1]
    .init_array          const     0x800'11f4     0x4  ios.o [4]
  __iar_tls$$INIT_ARRAY            0x800'11f8     0x0  <Block>
  .rodata                const     0x800'11f8     0x8  main.o [1]
  .rodata                const     0x800'1200     0x8  main.o [1]
  .rodata                const     0x800'1208     0x8  main.o [1]
  .rodata                const     0x800'1210     0x8  main.o [1]
  .rodata                const     0x800'1218     0x8  main.o [1]
  .rodata                const     0x800'1220     0x4  main.o [1]
  .text                  ro code   0x800'1224     0x4  iostream_cout.o [4]
  .text                  ro code   0x800'1228     0x0  cstart_call_dtors.o [7]
  .rodata                const     0x800'1228     0x0  zero_init3.o [7]
  .rodata                const     0x800'1228     0x0  copy_init3.o [7]
                                 - 0x800'1228  0x11e8

"P2", part 1 of 3:                               0x1c
  P2-1                            0x2000'0000    0x1c  <Init block>
    .data                inited   0x2000'0000    0x14  main.o [1]
    .data                inited   0x2000'0014     0x8  XShttio.o [3]
                                - 0x2000'001c    0x1c

"P2", part 2 of 3:                               0xf8
  .bss                   zero     0x2000'001c    0x70  iostream_cout.o [4]
  .bss                   zero     0x2000'008c    0x34  ios.o [4]
  .bss                   zero     0x2000'00c0     0x4  main.o [1]
  .bss                   zero     0x2000'00c8    0x10  ios.o [4]
  .bss                   zero     0x2000'00d8     0x8  main.o [1]
  .bss                   zero     0x2000'00e0     0x8  main.o [1]
  .bss                   zero     0x2000'00e8     0x8  main.o [1]
  .bss                   zero     0x2000'00f0     0x8  main.o [1]
  .bss                   zero     0x2000'00f8     0x8  main.o [1]
  .bss                   zero     0x2000'0100     0x8  heap0.o [3]
  .bss                   zero     0x2000'0108     0x4  cppinit.o [3]
  .bss                   zero     0x2000'010c     0x4  cppinit.o [3]
  .bss                   zero     0x2000'0110     0x1  main.o [1]
                                - 0x2000'0111    0xf5

"P2", part 3 of 3:                             0x219c
  .iar.dynexit                    0x2000'0114   0x198  <Block>
    .iar.dynexit         uninit   0x2000'0114     0xc  cppinit.o [3]
    .iar.dynexit         uninit   0x2000'0120   0x18c  <Block tail>
  CSTACK                          0x2000'02b0  0x2000  <Block>
    CSTACK               uninit   0x2000'02b0  0x2000  <Block tail>
                                - 0x2000'22b0  0x219c

Unused ranges:

         From           To      Size
         ----           --      ----
   0x800'1228   0x803'ffff  0x3'edd8
  0x2000'22b0  0x2001'ffff  0x1'dd50


*******************************************************************************
*** INIT TABLE
***

          Address      Size
          -------      ----
Zero (__iar_zero_init3)
    1 destination range, total size 0xf5:
          0x2000'001c  0xf5

Copy (__iar_copy_init3)
    1 source range, total size 0x1c:
           0x800'1108  0x1c
    1 destination range, total size 0x1c:
          0x2000'0000  0x1c

Extra (__iar_cstart_call_ctors)



*******************************************************************************
*** MODULE SUMMARY
***

    Module                 ro code  ro data  rw data
    ------                 -------  -------  -------
command line/config:
    ------------------------------------------------
    Total:

R:\POIP\POIP\Project_8\Debug\Obj: [1]
    main.o                   2'224      228       66
    ------------------------------------------------
    Total:                   2'224      228       66

R:\POIP\POIP\Project_8\Debug\Obj\Components\LED: [2]
    LED.o                       58       16
    ------------------------------------------------
    Total:                      58       16

dl7M_tln.a: [3]
    XShttio.o                    8        8        8
    abort.o                      6
    cppinit.o                  160                20
    exit.o                       4
    heap0.o                    144                 8
    heaptramp0.o                 4
    low_level_init.o             4
    putchar.o                   32
    ------------------------------------------------
    Total:                     362        8       36

dlpp7M_tls_nc.a: [4]
    ios.o                      256       20       68
    iostream_cout.o            434      196      112
    ------------------------------------------------
    Total:                     690      216      180

dlpprt7M_tl_nc.a: [5]
    cxxabi.o                    10
    delop4_0.o                   4
    delop_0.o                   10
    ------------------------------------------------
    Total:                      24

m7M_tls.a: [6]
    fpinit_M.o                  34
    ------------------------------------------------
    Total:                      34

rt7M_tl.a: [7]
    ABImemcpy_unaligned.o      118
    cexit.o                     14
    cmain.o                     30
    cmain_call_ctors.o          32
    copy_init3.o                42
    cstart_call_dtors.o
    cstartup_M.o                28
    data_init.o                 40
    strlen.o                    54
    vector_table_M.o            64
    vectortrap_M.o               2
    zero_init3.o                56
    ------------------------------------------------
    Total:                     480

shb_l.a: [8]
    dwrite.o                    30
    exit.o                      20
    iarttio.o                  124
    iarwrite.o                  34
    iarwstd.o                   32
    unwind_debug.o                        1
    write.o                     16
    ------------------------------------------------
    Total:                     256        1

    Gaps                         4        4        4
    Linker created                       40    8'588
----------------------------------------------------
    Grand Total:             4'132      513    8'874


*******************************************************************************
*** ENTRY LIST
***

Entry                       Address   Size  Type      Object
-----                       -------   ----  ----      ------
.iar.dynexit$$Base      0x2000'0114          --   Gb  - Linker created -
.iar.dynexit$$Limit     0x2000'02ac          --   Gb  - Linker created -
.iar.init_table$$Base    0x800'0fcc          --   Gb  - Linker created -
.iar.init_table$$Limit   0x800'0ff4          --   Gb  - Linker created -
?main                    0x800'1045         Code  Gb  cmain.o [7]
Aldata                  0x2000'0100    0x8  Data  Lc  heap0.o [3]
BusFault_Handler         0x800'0eff         Code  Wk  vectortrap_M.o [7]
CSTACK$$Base            0x2000'02b0          --   Gb  - Linker created -
CSTACK$$Limit           0x2000'22b0          --   Gb  - Linker created -
DebugMon_Handler         0x800'0eff         Code  Wk  vectortrap_M.o [7]
Delay(int)               0x800'083d   0x12  Code  Gb  main.o [1]
DtorRecArray            0x2000'0114    0xc  Data  Lc  cppinit.o [3]
Fake::Toggle() const     0x800'0ff9   0x20  Code  Wk  main.o [1]
Fake::Toggle() const::string
                         0x800'11f8    0x8  Data  Wk  main.o [1]
HardFault_Handler        0x800'0eff         Code  Wk  vectortrap_M.o [7]
ILed * * std::_Addressof<ILed *>(ILed * &, std::integral_constant<bool, (bool)0>)
                         0x800'0a2f    0x2  Code  Wk  main.o [1]
ILed * * std::addressof<ILed *>(ILed * &)
                         0x800'09e5   0x14  Code  Wk  main.o [1]
ILed::ILed()             0x800'0a2d    0x2  Code  Wk  LED.o [2]
ILed::ILed() [subobject]
                         0x800'09d7    0xc  Code  Wk  LED.o [2]
Initialization guard variable for std::ctype<char> const & std::use_facet<std::ctype<char>>()::_MyFacet
                        0x2000'0110    0x1  Data  Wk  main.o [1]
Led::Led(IPin const &)   0x800'08e1   0x16  Code  Gb  LED.o [2]
Led::Toggle() const      0x800'08fd   0x10  Code  Gb  LED.o [2]
MemManage_Handler        0x800'0eff         Code  Wk  vectortrap_M.o [7]
NMI_Handler              0x800'0eff         Code  Wk  vectortrap_M.o [7]
PendSV_Handler           0x800'0eff         Code  Wk  vectortrap_M.o [7]
Pin<GPIOC, (int)6>::Toggle() const
                         0x800'11d3    0xc  Code  Wk  main.o [1]
Pin<GPIOC, (int)7>::Toggle() const
                         0x800'11df    0xc  Code  Wk  main.o [1]
Pin<GPIOC, (int)8>::Toggle() const
                         0x800'11a9    0xe  Code  Wk  main.o [1]
Pin<GPIOC, (int)9>::Toggle() const
                         0x800'11b7    0xe  Code  Wk  main.o [1]
Region$$Table$$Base      0x800'0fcc          --   Gb  - Linker created -
Region$$Table$$Limit     0x800'0ff4          --   Gb  - Linker created -
SHT$$INIT_ARRAY$$Base    0x800'11f0          --   Gb  - Linker created -
SHT$$INIT_ARRAY$$Limit   0x800'11f8          --   Gb  - Linker created -
SHT$$PREINIT_ARRAY$$Base
                         0x800'11ec          --   Gb  - Linker created -
SHT$$PREINIT_ARRAY$$Limit
                         0x800'11f0          --   Gb  - Linker created -
SVC_Handler              0x800'0eff         Code  Wk  vectortrap_M.o [7]
SysTick_Handler          0x800'0eff         Code  Wk  vectortrap_M.o [7]
UsageFault_Handler       0x800'0eff         Code  Wk  vectortrap_M.o [7]
Virtual function table for Fake
                         0x800'1168   0x10  Data  Wk  main.o [1]
Virtual function table for Led
                         0x800'1138   0x10  Data  Wk  LED.o [2]
Virtual function table for Pin<GPIOC, (int)6>
                         0x800'107c   0x1c  Data  Wk  main.o [1]
Virtual function table for Pin<GPIOC, (int)7>
                         0x800'1098   0x1c  Data  Wk  main.o [1]
Virtual function table for Pin<GPIOC, (int)8>
                         0x800'10b4   0x1c  Data  Wk  main.o [1]
Virtual function table for Pin<GPIOC, (int)9>
                         0x800'10d0   0x1c  Data  Wk  main.o [1]
Virtual function table for std::_Wrap_facet<std::ctype<char>>
                         0x800'1158   0x10  Data  Wk  main.o [1]
Virtual function table for std::__nobasic_filebuf<char, std::char_traits<char>>
                         0x800'0d74   0x44  Data  Wk  iostream_cout.o [4]
Virtual function table for std::ctype<char>
                         0x800'1148   0x10  Data  Wk  main.o [1]
Virtual function table for std::ios
                         0x800'1188   0x10  Data  Wk  iostream_cout.o [4]
Virtual function table for std::ios_base
                         0x800'1178   0x10  Data  Wk  ios.o [4]
Virtual function table for std::ostream
                         0x800'0f58   0x28  Data  Wk  iostream_cout.o [4]
Virtual function table for std::streambuf
                         0x800'0d30   0x44  Data  Wk  iostream_cout.o [4]
[local to ios_cpp]::std::stdopens
                        0x2000'008c    0xc  Data  Lc  ios.o [4]
[local to ios_cpp]::std::stdstr
                        0x2000'0098   0x28  Data  Lc  ios.o [4]
[local to iostream_cout_cpp]::std::__iarcoutguard
                        0x2000'0048    0x1  Data  Lc  iostream_cout.o [4]
[local to iostream_cout_cpp]::std::fout
                        0x2000'004c   0x40  Data  Lc  iostream_cout.o [4]
__aeabi_atexit           0x800'0bd1    0xa  Code  Gb  cxxabi.o [5]
__basic_free             0x800'0781   0x16  Code  Gb  heap0.o [3]
__basic_free_intern      0x800'0797   0x74  Code  Lc  heap0.o [3]
__call_ctors             0x800'0a45   0x18  Code  Gb  cppinit.o [3]
__call_dtors             0x800'0a93    0xc  Code  Gb  cppinit.o [3]
__call_dtors0            0x800'0a9f   0x36  Code  Gb  cppinit.o [3]
__cexit_call_dtors       0x800'106f         Code  Gb  cexit.o [7]
__cmain                  0x800'1045         Code  Gb  cmain.o [7]
__cstart_call_dtors      0x800'1228         Data  Gb  cstart_call_dtors.o [7]
__cxa_atexit             0x800'0a5d   0x36  Code  Gb  cppinit.o [3]
__dso_handle            0x2000'010c    0x4  Data  Gb  cppinit.o [3]
__dwrite                 0x800'0e21   0x1e  Code  Gb  dwrite.o [8]
__exit                   0x800'06d9   0x14  Code  Gb  exit.o [8]
__iar_close_ttio         0x800'06f9   0x2c  Code  Gb  iarttio.o [8]
__iar_copy_init3         0x800'04a3   0x2a  Code  Gb  copy_init3.o [7]
__iar_cstart_call_ctors
                         0x800'1025   0x20  Code  Gb  cmain_call_ctors.o [7]
__iar_data_init3         0x800'0f81   0x28  Code  Gb  data_init.o [7]
__iar_debug_exceptions   0x800'0ff5    0x1  Data  Gb  unwind_debug.o [8]
__iar_get_ttio           0x800'0725   0x4c  Code  Gb  iarttio.o [8]
__iar_init_vfp           0x800'0fa9         Code  Gb  fpinit_M.o [6]
__iar_lookup_ttioh       0x800'0779    0x8  Code  Gb  XShttio.o [3]
__iar_program_start      0x800'10ed         Code  Gb  cstartup_M.o [7]
__iar_sh_stdout          0x800'0e3f   0x20  Code  Gb  iarwstd.o [8]
__iar_sh_write           0x800'0e5f   0x22  Code  Gb  iarwrite.o [8]
__iar_tls$$INIT_ARRAY$$Base
                         0x800'11f8          --   Gb  - Linker created -
__iar_tls$$INIT_ARRAY$$Limit
                         0x800'11f8          --   Gb  - Linker created -
__iar_ttio_handles      0x2000'0014    0x8  Data  Lc  XShttio.o [3]
__iar_unaligned_memcpy   0x800'0c5d         Code  Gb  ABImemcpy_unaligned.o [7]
__iar_unaligned_memcpy4
                         0x800'0c7d         Code  Gb  ABImemcpy_unaligned.o [7]
__iar_unaligned_memcpy8
                         0x800'0c7d         Code  Gb  ABImemcpy_unaligned.o [7]
__iar_zero_init3         0x800'0e81   0x38  Code  Gb  zero_init3.o [7]
__low_level_init         0x800'1063    0x4  Code  Gb  low_level_init.o [3]
__sti__routine           0x800'0811   0x2c  Code  Lc  main.o [1]
__sti__routine           0x800'04cf    0xa  Code  Lc  ios.o [4]
__sti__routine           0x800'0ae5   0x90  Code  Lc  iostream_cout.o [4]
__vector_table           0x800'0000         Data  Gb  vector_table_M.o [7]
__write                  0x800'0e11   0x10  Code  Gb  write.o [8]
_call_main               0x800'1051         Code  Gb  cmain.o [7]
_exit                    0x800'106d         Code  Gb  cexit.o [7]
abort                    0x800'0639    0x6  Code  Gb  abort.o [3]
exit                     0x800'1067    0x4  Code  Gb  exit.o [3]
fakepinC9                0x800'1220    0x4  Data  Wk  main.o [1]
free                     0x800'0775    0x4  Code  Gb  heaptramp0.o [3]
led1                    0x2000'00d8    0x8  Data  Gb  main.o [1]
led2                    0x2000'00e0    0x8  Data  Gb  main.o [1]
led3                    0x2000'00e8    0x8  Data  Gb  main.o [1]
led4                    0x2000'00f0    0x8  Data  Gb  main.o [1]
led5                    0x2000'00f8    0x8  Data  Gb  main.o [1]
leds                    0x2000'0000   0x14  Data  Gb  main.o [1]
main                     0x800'084f   0x62  Code  Gb  main.o [1]
next_abi_dtor_rec       0x2000'0108    0x4  Data  Lc  cppinit.o [3]
operator delete (void *)
                         0x800'06ed    0xa  Code  Gb  delop_0.o [5]
operator delete (void *, unsigned int)
                         0x800'063f    0x4  Code  Gb  delop4_0.o [5]
pinC6                    0x800'1200    0x8  Data  Wk  main.o [1]
pinC7                    0x800'1208    0x8  Data  Wk  main.o [1]
pinC8                    0x800'1210    0x8  Data  Wk  main.o [1]
pinC9                    0x800'1218    0x8  Data  Wk  main.o [1]
putchar                  0x800'0df1   0x20  Code  Gb  putchar.o [3]
std::_Array_const_iterator<ILed *, (unsigned int)5>::_Array_const_iterator(ILed *const *, unsigned int)
                         0x800'0a3d    0x8  Code  Wk  main.o [1]
std::_Array_const_iterator<ILed *, (unsigned int)5>::_Array_const_iterator(ILed *const *, unsigned int) [subobject]
                         0x800'0a31    0xc  Code  Wk  main.o [1]
std::_Array_const_iterator<ILed *, (unsigned int)5>::operator !=(const std::_Array_const_iterator<ILed *, (unsigned int)5>&) const
                         0x800'09a1   0x1c  Code  Wk  main.o [1]
std::_Array_const_iterator<ILed *, (unsigned int)5>::operator *() const
                         0x800'0a21    0x4  Code  Wk  main.o [1]
std::_Array_const_iterator<ILed *, (unsigned int)5>::operator ++()
                         0x800'0a25    0x8  Code  Wk  main.o [1]
std::_Array_const_iterator<ILed *, (unsigned int)5>::operator ==(const std::_Array_const_iterator<ILed *, (unsigned int)5>&) const
                         0x800'0a0f   0x12  Code  Wk  main.o [1]
std::_Array_iterator<ILed *, (unsigned int)5>::_Array_iterator(ILed **, unsigned int)
                         0x800'09f9   0x16  Code  Wk  main.o [1]
std::_Array_iterator<ILed *, (unsigned int)5>::operator *() const
                         0x800'09bd    0xc  Code  Wk  main.o [1]
std::_Array_iterator<ILed *, (unsigned int)5>::operator ++()
                         0x800'09c9    0xe  Code  Wk  main.o [1]
std::_Fpz               0x2000'00c8   0x10  Data  Gb  ios.o [4]
std::_Wrap_facet<std::ctype<char>>::_Wrap_facet()
                         0x800'0f29   0x18  Code  Wk  main.o [1]
std::__iar_cout_guard::~__iar_cout_guard()
                         0x800'1125   0x14  Code  Wk  iostream_cout.o [4]
std::__nobasic_filebuf<char, std::char_traits<char>>::__nobasic_filebuf()
                         0x800'0b75   0x5c  Code  Wk  iostream_cout.o [4]
std::__nobasic_filebuf<char, std::char_traits<char>>::overflow(int)
                         0x800'0db9   0x38  Code  Wk  iostream_cout.o [4]
std::array<ILed *, (unsigned int)5>::begin()
                         0x800'0971   0x18  Code  Wk  main.o [1]
std::array<ILed *, (unsigned int)5>::end()
                         0x800'0989   0x18  Code  Wk  main.o [1]
std::char_traits<char>::eq_int_type(int const &, int const &)
                         0x800'02e3   0x12  Code  Wk  main.o [1]
std::char_traits<char>::length(char const *)
                         0x800'020f    0xc  Code  Wk  main.o [1]
std::char_traits<char>::to_int_type(char const &)
                         0x800'0421    0x4  Code  Wk  main.o [1]
std::cout               0x2000'001c   0x2c  Data  Gb  iostream_cout.o [4]
std::ctype<char> const & std::use_facet<std::ctype<char>>()
                         0x800'0f01   0x20  Code  Wk  main.o [1]
std::ctype<char> const & std::use_facet<std::ctype<char>>()::_MyFacet
                        0x2000'00c0    0x4  Data  Wk  main.o [1]
std::ctype<char>::ctype()
                         0x800'0f4d    0xc  Code  Wk  main.o [1]
std::ctype<char>::ctype() [subobject]
                         0x800'0f41    0xc  Code  Wk  main.o [1]
std::ctype<char>::widen(char) const
                         0x800'0f21    0x8  Code  Wk  main.o [1]
std::ios::clear(std::_Iosb<int>::_Iostate, bool)
                         0x800'0429   0x24  Code  Wk  main.o [1]
std::ios::fill() const   0x800'02a7    0x6  Code  Wk  main.o [1]
std::ios::rdbuf() const
                         0x800'02ad    0x4  Code  Wk  main.o [1]
std::ios::setstate(std::_Iosb<int>::_Iostate, bool)
                         0x800'0313   0x28  Code  Wk  main.o [1]
std::ios::tie() const    0x800'03a3    0x4  Code  Wk  main.o [1]
std::ios::widen(char) const
                         0x800'0ee7   0x18  Code  Wk  main.o [1]
std::ios_base::_Addstd(std::ios_base*)
                         0x800'0539   0x32  Code  Gb  ios.o [4]
std::ios_base::_Callfns(std::ios_base::event)
                         0x800'051d   0x1c  Code  Gb  ios.o [4]
std::ios_base::_Init()   0x800'0579   0x1c  Code  Gb  ios.o [4]
std::ios_base::_Tidy()   0x800'0595   0x38  Code  Gb  ios.o [4]
std::ios_base::clear(std::_Iosb<int>::_Iostate, bool)
                         0x800'04d9   0x20  Code  Gb  ios.o [4]
std::ios_base::flags() const
                         0x800'029d    0x4  Code  Wk  main.o [1]
std::ios_base::good() const
                         0x800'038b   0x18  Code  Wk  main.o [1]
std::ios_base::rdstate() const
                         0x800'0425    0x4  Code  Wk  main.o [1]
std::ios_base::width() const
                         0x800'021b    0x4  Code  Wk  main.o [1]
std::ios_base::width(int)
                         0x800'030b    0x8  Code  Wk  main.o [1]
std::ios_base::~ios_base()
                         0x800'04f9   0x24  Code  Gb  ios.o [4]
std::ios_base::~ios_base() [subobject]
                         0x800'04cd    0x2  Code  Gb  ios.o [4]
std::operator &(std::_Iosb<int>::_Fmtflags, std::_Iosb<int>::_Fmtflags)
                         0x800'02a1    0x6  Code  Wk  main.o [1]
std::operator |=(std::_Iosb<int>::_Iostate &, std::_Iosb<int>::_Iostate)
                         0x800'0295    0x8  Code  Wk  main.o [1]
std::ostream & std::endl<char, std::char_traits<char>>(std::ostream &)
                         0x800'0eb9   0x2e  Code  Wk  main.o [1]
std::ostream & std::operator <<<std::char_traits<char>>(std::ostream &, char const *)
                         0x800'0041  0x1ce  Code  Wk  main.o [1]
std::ostream::_Flush_sentry::_Flush_sentry(std::ostream&)
                         0x800'0459   0x28  Code  Wk  main.o [1]
std::ostream::_Flush_sentry::_Flush_sentry(std::ostream&) [subobject]
                         0x800'037f    0xc  Code  Wk  main.o [1]
std::ostream::_Flush_sentry::operator bool() const
                         0x800'0291    0x4  Code  Wk  main.o [1]
std::ostream::_Flush_sentry::~_Flush_sentry()
                         0x800'048f   0x14  Code  Wk  main.o [1]
std::ostream::_Flush_sentry::~_Flush_sentry() [subobject]
                         0x800'044d    0xc  Code  Wk  main.o [1]
std::ostream::_Osfx()    0x800'05d9   0x54  Code  Wk  main.o [1]
std::ostream::_Sentry_base::_Sentry_base(std::ostream&)
                         0x800'0643   0x4a  Code  Wk  main.o [1]
std::ostream::_Sentry_base::_Sentry_base(std::ostream&) [subobject]
                         0x800'05cd    0xc  Code  Wk  main.o [1]
std::ostream::_Sentry_base::~_Sentry_base()
                         0x800'068d   0x46  Code  Wk  main.o [1]
std::ostream::_Sentry_base::~_Sentry_base() [subobject]
                         0x800'062d    0xc  Code  Wk  main.o [1]
std::ostream::flush()    0x800'03a7   0x54  Code  Wk  main.o [1]
std::ostream::operator <<(std::ostream&(*)(std::ostream&))
                         0x800'1019    0xc  Code  Wk  main.o [1]
std::ostream::put(char)
                         0x800'0bdb   0x82  Code  Wk  main.o [1]
std::ostream::sentry::sentry(std::ostream&)
                         0x800'021f   0x72  Code  Wk  main.o [1]
std::ostream::sentry::~sentry()
                         0x800'033b    0xe  Code  Wk  main.o [1]
std::ostream::~basic_ostream()
                         0x800'11c5    0xe  Code  Wk  iostream_cout.o [4]
std::streambuf::_Lock()
                         0x800'06f7    0x2  Code  Wk  iostream_cout.o [4]
std::streambuf::_Pnavail() const
                         0x800'03fb   0x18  Code  Wk  main.o [1]
std::streambuf::_Pninc()
                         0x800'0413    0xe  Code  Wk  main.o [1]
std::streambuf::_Unlock()
                         0x800'09e3    0x2  Code  Wk  iostream_cout.o [4]
std::streambuf::overflow(int)
                         0x800'06d3    0x6  Code  Wk  iostream_cout.o [4]
std::streambuf::pubsync()
                         0x800'0481    0xe  Code  Wk  main.o [1]
std::streambuf::sputc(char)
                         0x800'02b1   0x32  Code  Wk  main.o [1]
std::streambuf::sputn(char const *, int)
                         0x800'02f5   0x16  Code  Wk  main.o [1]
std::streambuf::sync()   0x800'1225    0x4  Code  Wk  iostream_cout.o [4]
std::streambuf::xsputn(char const *, int)
                         0x800'0cd3   0x5e  Code  Wk  iostream_cout.o [4]
strlen                   0x800'0349         Code  Gb  strlen.o [7]
void FieldValueBase<GPIOC_MODER_MODER15_Values<GPIOC::MODER, (unsigned int)12, (unsigned int)2, ReadWriteMode, GPIOC::GPIOCMODERBase>, GPIOC::GPIOCMODERBase, (unsigned int)1>::Set<ReadWriteMode, void>()
                         0x800'0921   0x14  Code  Wk  main.o [1]
void FieldValueBase<GPIOC_MODER_MODER15_Values<GPIOC::MODER, (unsigned int)14, (unsigned int)2, ReadWriteMode, GPIOC::GPIOCMODERBase>, GPIOC::GPIOCMODERBase, (unsigned int)1>::Set<ReadWriteMode, void>()
                         0x800'0935   0x14  Code  Wk  main.o [1]
void FieldValueBase<GPIOC_MODER_MODER15_Values<GPIOC::MODER, (unsigned int)16, (unsigned int)2, ReadWriteMode, GPIOC::GPIOCMODERBase>, GPIOC::GPIOCMODERBase, (unsigned int)1>::Set<ReadWriteMode, void>()
                         0x800'0949   0x14  Code  Wk  main.o [1]
void FieldValueBase<GPIOC_MODER_MODER15_Values<GPIOC::MODER, (unsigned int)18, (unsigned int)2, ReadWriteMode, GPIOC::GPIOCMODERBase>, GPIOC::GPIOCMODERBase, (unsigned int)1>::Set<ReadWriteMode, void>()
                         0x800'095d   0x14  Code  Wk  main.o [1]
void FieldValueBase<RCC_AHB1ENR_GPIOCEN_Values<RCC::AHB1ENR, (unsigned int)2, (unsigned int)1, ReadWriteMode, RCC::RCCAHB1ENRBase>, RCC::RCCAHB1ENRBase, (unsigned int)1>::Set<ReadWriteMode, void>()
                         0x800'090d   0x14  Code  Wk  main.o [1]
void RegisterBase<(unsigned int)1073874964, (unsigned int)32, ReadWriteMode>::Toggle<ReadWriteMode, void>(unsigned int)
                         0x800'1199   0x10  Code  Wk  main.o [1]


[1] = R:\POIP\POIP\Project_8\Debug\Obj
[2] = R:\POIP\POIP\Project_8\Debug\Obj\Components\LED
[3] = dl7M_tln.a
[4] = dlpp7M_tls_nc.a
[5] = dlpprt7M_tl_nc.a
[6] = m7M_tls.a
[7] = rt7M_tl.a
[8] = shb_l.a

  4'132 bytes of readonly  code memory
    513 bytes of readonly  data memory
  8'874 bytes of readwrite data memory

Errors: none
Warnings: none
