###############################################################################
#
# IAR ELF Linker V9.30.1.335/W64 for ARM                  03/Oct/2022  21:31:00
# Copyright 2007-2022 IAR Systems AB.
#
#    Output file  =  F:\download\KOLODIY\Debug\Exe\FirstProgect.out
#    Map file     =  F:\download\KOLODIY\Debug\List\FirstProgect.map
#    Command line =
#        -f F:\download\KOLODIY\Debug\Exe\FirstProgect.out.rsp
#        (F:\download\KOLODIY\Debug\Obj\main.o --no_out_extension -o
#        F:\download\KOLODIY\Debug\Exe\FirstProgect.out --redirect
#        _Printf=_PrintfFullNoMb --redirect _Scanf=_ScanfFullNoMb --map
#        F:\download\KOLODIY\Debug\List\FirstProgect.map --config
#        F:\IAR\arm\config\generic_cortex.icf --semihosting --entry
#        __iar_program_start --vfe --text_out locale --cpu=Cortex-M3
#        --fpu=None)
#
###############################################################################

*******************************************************************************
*** RUNTIME MODEL ATTRIBUTES
***

CppFlavor                     = *
__CPP_Exceptions              = Disabled
__CPP_Language                = C++14
__CPP_Library                 = libc++
__CPP_Runtime                 = 1
__Heap_Handler                = Basic
__SystemLibrary               = DLib
__dlib_dynamic_initialization = normal
__dlib_version                = 6


*******************************************************************************
*** HEAP SELECTION
***

The basic heap was selected because --advanced_heap
was not specified and the application did not appear to
be primarily optimized for speed.


*******************************************************************************
*** PLACEMENT SUMMARY
***

"A0":  place at address 0x0 { ro section .intvec };
"P1":  place in [from 0x0 to 0x7'ffff] { ro };
define block CSTACK with size = 1K, alignment = 8 { };
define block PROC_STACK with size = 0, alignment = 8 { };
define block HEAP with size = 2K, alignment = 8 { };
"P2":  place in [from 0x2000'0000 to 0x2000'ffff] {
          rw, block CSTACK, block PROC_STACK, block HEAP };
initialize by copy { rw };

  Section                Kind         Address    Size  Object
  -------                ----         -------    ----  ------
"A0":                                            0x40
  .intvec                ro code          0x0    0x40  vector_table_M.o [6]
                                       - 0x40    0x40

"P1":                                          0x5024
  .text                  ro code         0x40   0xeaa  xprintffull_nomb.o [2]
  .text                  ro code        0xeea    0x7e  lz77_init_single.o [6]
  .text                  ro code        0xf68    0x16  strchr.o [6]
  .text                  ro code        0xf7e    0x1a  xsnprout.o [2]
  .text                  ro code        0xf98    0x40  xfail_s.o [2]
  .text                  ro code        0xfd8    0x36  strlen.o [6]
  .text                  ro code       0x100e     0x6  ios.instantiations.o [3]
  .text                  ro code       0x1014    0x58  memchr.o [6]
  .text                  ro code       0x106c    0x76  ABImemcpy_unaligned.o [6]
  .rodata                const         0x10e2     0x2  locale.o [3]
  .text                  ro code       0x10e4    0x70  frexp.o [5]
  .text                  ro code       0x1154    0x34  DblCmpLe.o [5]
  .text                  ro code       0x1188    0x34  DblCmpGe.o [5]
  .text                  ro code       0x11bc   0x13a  ldexp.o [5]
  .rodata                const         0x12f6     0x2  xlocale_c.o [2]
  .text                  ro code       0x12f8    0x36  DblToS32.o [5]
  .rodata                const         0x132e     0x2  xlocale_c.o [2]
  .text                  ro code       0x1330    0x22  S32ToDbl.o [5]
  .text                  ro code       0x1352     0x2  vectortrap_M.o [6]
  .text                  ro code       0x1354   0x24e  DblAddSub.o [5]
  .rodata                const         0x15a2     0x1  unwind_debug.o [7]
  .rodata                const         0x15a3     0x1  xlocale_c.o [2]
  .text                  ro code       0x15a4   0x246  DblDiv.o [5]
  .text                  ro code       0x17ec    0x22  DblToU32.o [5]
  .text                  ro code       0x1810    0x1c  U32ToDbl.o [5]
  .text                  ro code       0x182c   0x1aa  DblMul.o [5]
  .text                  ro code       0x19d8    0x18  xlocale_c.o [2]
  .text                  ro code       0x19f0   0x230  I64DivMod.o [6]
  .text                  ro code       0x1c20     0x6  abort.o [2]
  .text                  ro code       0x1c28    0x24  errno.o [2]
  .text                  ro code       0x1c4c     0x2  I64DivZer.o [6]
  .text                  ro code       0x1c50    0x14  exit.o [7]
  .text                  ro code       0x1c64     0x4  tp_nothreads.o [2]
  .text                  ro code       0x1c68    0x7c  iarttio.o [7]
  .text                  ro code       0x1ce4     0x8  XShttio.o [2]
  .text                  ro code       0x1cec   0x858  locale.o [3]
  .text                  ro code       0x2544     0x4  delop4_0.o [4]
  .text                  ro code       0x2548     0x2  memory.o [3]
  .text                  ro code       0x254a    0x32  locale.o [3]
  .text                  ro code       0x257c    0x26  locale.o [3]
  .text                  ro code       0x25a2    0x58  locale.o [3]
  .text                  ro code       0x25fa    0x22  locale.o [3]
  .text                  ro code       0x261c    0x18  locale.o [3]
  .text                  ro code       0x2634    0x18  locale.o [3]
  .text                  ro code       0x264c    0x18  locale.o [3]
  .text                  ro code       0x2664    0x18  locale.o [3]
  .text                  ro code       0x267c    0x18  locale.o [3]
  .text                  ro code       0x2694    0x18  locale.o [3]
  .text                  ro code       0x26ac    0x18  locale.o [3]
  .text                  ro code       0x26c4    0x18  locale.o [3]
  .text                  ro code       0x26dc    0x18  locale.o [3]
  .text                  ro code       0x26f4    0x18  locale.o [3]
  .text                  ro code       0x270c    0x18  locale.o [3]
  .text                  ro code       0x2724    0x18  locale.o [3]
  .text                  ro code       0x273c    0x18  locale.o [3]
  .text                  ro code       0x2754    0x18  locale.o [3]
  .text                  ro code       0x276c    0x18  locale.o [3]
  .text                  ro code       0x2784    0x18  locale.o [3]
  .text                  ro code       0x279c    0x18  locale.o [3]
  .text                  ro code       0x27b4    0x18  locale.o [3]
  .text                  ro code       0x27cc    0x28  locale.o [3]
  .text                  ro code       0x27f4    0x28  locale.o [3]
  .text                  ro code       0x281c    0x24  locale.o [3]
  .text                  ro code       0x2840    0x24  locale.o [3]
  .text                  ro code       0x2864    0x18  locale.o [3]
  .text                  ro code       0x287c    0x18  locale.o [3]
  .text                  ro code       0x2894    0x1a  locale.o [3]
  .text                  ro code       0x28ae     0x4  locale.o [3]
  .text                  ro code       0x28b2    0x2a  locale.o [3]
  .text                  ro code       0x28dc     0xc  locale.o [3]
  .text                  ro code       0x28e8    0xac  locale.o [3]
  .text                  ro code       0x2994    0x1c  locale.o [3]
  .text                  ro code       0x29b0    0x1a  locale.o [3]
  .text                  ro code       0x29ca    0x18  mutex.o [3]
  .text                  ro code       0x29e2     0x4  delaop_0.o [4]
  .text                  ro code       0x29e8    0x10  locale.o [3]
  .text                  ro code       0x29f8    0x28  iar_locale.o [3]
  .text                  ro code       0x2a20    0xa4  iar_newlocale.o [3]
  .text                  ro code       0x2ac4     0xa  locale.o [3]
  .text                  ro code       0x2ace    0x32  locale.o [3]
  .text                  ro code       0x2b00     0xa  delop_0.o [4]
  .text                  ro code       0x2b0a    0x2a  locale.o [3]
  .text                  ro code       0x2b34    0x20  locale.o [3]
  .text                  ro code       0x2b54     0x4  string.o [3]
  .text                  ro code       0x2b58    0x24  newop_0.o [4]
  .text                  ro code       0x2b7c     0xc  locale.o [3]
  .text                  ro code       0x2b88    0x16  locale.o [3]
  .text                  ro code       0x2b9e    0x3e  locale.o [3]
  .text                  ro code       0x2bdc    0x2c  locale.o [3]
  .text                  ro code       0x2c08     0xa  locale.o [3]
  .text                  ro code       0x2c12    0x28  locale.o [3]
  .text                  ro code       0x2c3a    0x10  locale.o [3]
  .text                  ro code       0x2c4c    0x3c  vsnprint.o [2]
  .text                  ro code       0x2c88   0x1a0  iar_newlocale.o [3]
  .text                  ro code       0x2e28     0xc  iar_newlocale.o [3]
  .text                  ro code       0x2e34    0x3e  string.o [3]
  .text                  ro code       0x2e72     0x4  heaptramp0.o [2]
  .text                  ro code       0x2e76     0x6  locale.o [3]
  .text                  ro code       0x2e7c     0x4  vector.o [3]
  .text                  ro code       0x2e80    0x2a  locale.o [3]
  .text                  ro code       0x2eaa     0x4  nomemory.o [4]
  .text                  ro code       0x2eb0   0x13c  heap0.o [2]
  .text                  ro code       0x2fec     0xc  locale.o [3]
  .text                  ro code       0x2ff8    0x20  iar_newlocale.o [3]
  .text                  ro code       0x3018    0x20  iar_newlocale.o [3]
  .text                  ro code       0x3038     0xe  string.o [3]
  .text                  ro code       0x3048    0x2c  xgetmemchunk.o [2]
  .rodata                const         0x3074   0x400  locale.o [3]
  .text                  ro code       0x3474   0x174  locale.o [3]
  .text                  ro code       0x35e8     0xc  locale.o [3]
  .text                  ro code       0x35f4    0x18  locale.o [3]
  .text                  ro code       0x360c     0xa  locale.o [3]
  .text                  ro code       0x3616     0xa  locale.o [3]
  .text                  ro code       0x3620    0xd8  xfspos.o [2]
  .text                  ro code       0x36f8    0xac  fflush.o [2]
  .text                  ro code       0x37a4     0xc  xfgpos.o [2]
  .text                  ro code       0x37b0    0x4e  lseek.o [7]
  .text                  ro code       0x37fe    0x10  write.o [7]
  .text                  ro code       0x3810    0xcc  XShHandles.o [2]
  .text                  ro code       0x38dc    0x1e  dwrite.o [7]
  .text                  ro code       0x38fa    0x20  iarwstd.o [7]
  .text                  ro code       0x391a    0x22  iarwrite.o [7]
  .text                  ro code       0x393c    0xb8  fwrite.o [2]
  .text                  ro code       0x39f4    0xb4  xfwprep.o [2]
  .text                  ro code       0x3aa8    0x24  fseek.o [2]
  .text                  ro code       0x3acc    0xb4  ios.o [3]
  .text                  ro code       0x3b80    0xae  iostream_cout.o [3]
  .text                  ro code       0x3c30    0xa0  cppinit.o [2]
  .text                  ro code       0x3cd0    0x98  iostream_cout.o [3]
  .text                  ro code       0x3d68    0x44  iostream_cout.o [3]
  .text                  ro code       0x3dac     0xa  cxxabi.o [4]
  .text                  ro code       0x3db6    0x54  ios.instantiations.o [3]
  .text                  ro code       0x3e0a     0x4  ios.instantiations.o [3]
  .text                  ro code       0x3e0e    0x42  ios.instantiations.o [3]
  .text                  ro code       0x3e50    0x94  ios.instantiations.o [3]
  .text                  ro code       0x3ee4    0x24  ios.instantiations.o [3]
  .text                  ro code       0x3f08     0x4  arm_exceptions_uncaught_c.o [6]
  .text                  ro code       0x3f0c    0x92  locale.o [3]
  .text                  ro code       0x3f9e     0xa  locale.o [3]
  .text                  ro code       0x3fa8    0x50  locale.o [3]
  .text                  ro code       0x3ff8    0x66  ABImemset.o [6]
  .text                  ro code       0x4060    0x90  locale.o [3]
  .text                  ro code       0x40f0    0x8c  xfofind.o [2]
  .text                  ro code       0x417c    0x88  ios.instantiations.o [3]
  .text                  ro code       0x4204    0x1a  ios.instantiations.o [3]
  .text                  ro code       0x421e    0x10  locale.o [3]
  .text                  ro code       0x422e    0x28  main.o [1]
  .text                  ro code       0x4258    0x10  main.o [1]
  .text                  ro code       0x4268     0xc  main.o [1]
  .text                  ro code       0x4274    0x7e  fclose.o [2]
  .text                  ro code       0x42f2    0x18  close.o [7]
  .text                  ro code       0x430a    0x14  remove.o [7]
  .text                  ro code       0x431e    0x68  ios.instantiations.o [3]
  .text                  ro code       0x4386    0x20  ios.instantiations.o [3]
  .text                  ro code       0x43a6    0x60  ios.instantiations.o [3]
  .rodata                const         0x4408    0x54  locale.o [3]
  .rodata                const         0x445c    0x54  locale.o [3]
  .text                  ro code       0x44b0    0x54  fputc.o [2]
  .rodata                const         0x4504    0x48  xlocale_c.o [2]
  .text                  ro code       0x454c    0x48  iostream_cout.o [3]
  .rodata                const         0x4594    0x44  locale.o [3]
  .text                  ro code       0x45d8    0x44  iar_newlocale.o [3]
  .rodata                const         0x461c    0x40  locale.o [3]
  .rodata                const         0x465c    0x40  locale.o [3]
  .rodata                const         0x469c    0x40  ios.instantiations.o [3]
  .rodata                const         0x46dc    0x40  iostream_cout.o [3]
  .text                  ro code       0x471c    0x40  iostream_cout.o [3]
  .text                  ro code       0x475c    0x40  xcloseall.o [2]
  .rodata                const         0x479c    0x38  locale.o [3]
  .rodata                const         0x47d4    0x38  locale.o [3]
  .rodata                const         0x480c    0x38  locale.o [3]
  .rodata                const         0x4844    0x38  locale.o [3]
  .rodata                const         0x487c    0x38  xlocale_c.o [2]
  .text                  ro code       0x48b4    0x38  zero_init3.o [6]
  .rodata                const         0x48ec    0x34  locale.o [3]
  .rodata                const         0x4920    0x34  locale.o [3]
  .rodata                const         0x4954    0x34  locale.o [3]
  .rodata                const         0x4988    0x30  locale.o [3]
  .rodata                const         0x49b8    0x30  locale.o [3]
  .rodata                const         0x49e8    0x30  locale.o [3]
  .rodata                const         0x4a18    0x30  locale.o [3]
  .text                  ro code       0x4a48    0x2e  main.o [1]
  .rodata                const         0x4a78    0x28  locale.o [3]
  .rodata                const         0x4aa0    0x28  locale.o [3]
  .rodata                const         0x4ac8    0x28  ios.instantiations.o [3]
  .text                  ro code       0x4af0    0x28  data_init.o [6]
  .text                  ro code       0x4b18    0x26  iar_newlocale.o [3]
  .rodata                const         0x4b40    0x24  locale.o [3]
  .rodata                const         0x4b64    0x24  locale.o [3]
  .iar.init_table        const         0x4b88    0x24  - Linker created -
  .rodata                const         0x4bac    0x20  locale.o [3]
  .rodata                const         0x4bcc    0x20  locale.o [3]
  .rodata                const         0x4bec    0x20  locale.o [3]
  .rodata                const         0x4c0c    0x20  locale.o [3]
  .text                  ro code       0x4c2c    0x20  main.o [1]
  .text                  ro code       0x4c4c     0x6  main.o [1]
  .text                  ro code       0x4c54    0x20  cmain_call_ctors.o [6]
  .text                  ro code       0x4c74    0x1e  locale.o [3]
  .text                  ro code       0x4c92    0x1e  locale.o [3]
  .text                  ro code       0x4cb0    0x1e  cmain.o [6]
  .text                  ro code       0x4cce     0x4  low_level_init.o [2]
  .text                  ro code       0x4cd2     0x4  exit.o [2]
  .text                  ro code       0x4cd8    0x12  cexit.o [6]
  .rodata                const         0x4cec    0x1c  locale.o [3]
  .rodata                const         0x4d08    0x1c  locale.o [3]
  .rodata                const         0x4d24    0x1c  locale.o [3]
  .rodata                const         0x4d40    0x1c  locale.o [3]
  .text                  ro code       0x4d5c    0x1c  cstartup_M.o [6]
  .text                  ro code       0x4d78    0x1c  locale.o [3]
  .rodata                const         0x4d94    0x18  locale.o [3]
  .rodata                const         0x4dac    0x18  locale.o [3]
  .text                  ro code       0x4dc4    0x18  ios.instantiations.o [3]
  .rodata                const         0x4ddc    0x14  locale.o [3]
  .rodata                const         0x4df0    0x14  locale.o [3]
  .text                  ro code       0x4e04    0x14  locale.o [3]
  .text                  ro code       0x4e18    0x14  locale.o [3]
  .text                  ro code       0x4e2c    0x14  locale.o [3]
  .text                  ro code       0x4e40    0x14  locale.o [3]
  .text                  ro code       0x4e54    0x14  locale.o [3]
  .text                  ro code       0x4e68    0x14  locale.o [3]
  .text                  ro code       0x4e7c    0x14  locale.o [3]
  .text                  ro code       0x4e90    0x14  locale.o [3]
  .text                  ro code       0x4ea4    0x14  locale.o [3]
  .text                  ro code       0x4eb8    0x14  locale.o [3]
  .text                  ro code       0x4ecc    0x14  locale.o [3]
  .text                  ro code       0x4ee0    0x14  locale.o [3]
  .text                  ro code       0x4ef4    0x14  locale.o [3]
  .text                  ro code       0x4f08    0x14  locale.o [3]
  .text                  ro code       0x4f1c    0x14  locale.o [3]
  .text                  ro code       0x4f30    0x14  locale.o [3]
  .text                  ro code       0x4f44    0x14  locale.o [3]
  .text                  ro code       0x4f58    0x14  locale.o [3]
  .text                  ro code       0x4f6c    0x14  locale.o [3]
  .text                  ro code       0x4f80    0x14  locale.o [3]
  .rodata                const         0x4f94    0x10  ios.o [3]
  .rodata                const         0x4fa4    0x10  ios.instantiations.o [3]
  .text                  ro code       0x4fb4     0xe  ios.instantiations.o [3]
  .text                  ro code       0x4fc2     0xe  iar_newlocale.o [3]
  .text                  ro code       0x4fd0     0xc  iostream_cout.o [3]
  .rodata                const         0x4fdc     0x8  locale.o [3]
  .rodata                const         0x4fe4     0x8  ios.instantiations.o [3]
  SHT$$PREINIT_ARRAY                   0x4fec     0x4  <Block>
    .preinit_array       const         0x4fec     0x4  iostream_cout.o [3]
  SHT$$INIT_ARRAY                      0x4ff0     0x4  <Block>
    .init_array          const         0x4ff0     0x4  iar_newlocale.o [3]
  __iar_tls$$INIT_ARRAY                0x4ff4     0x0  <Block>
  .text                  ro code       0x4ff4     0x4  ios.instantiations.o [3]
  .text                  ro code       0x4ff8     0x0  cstart_call_dtors.o [6]
  .text                  ro code       0x4ff8     0x0  cstart_closeall.o [6]
  .rodata                const         0x4ff8     0x0  zero_init3.o [6]
  .rodata                const         0x4ff8     0x0  lz77_init_single.o [6]
  Initializer bytes      const         0x4ff8    0x6c  <for P2-1>
                                     - 0x5064  0x5024

"P2", part 1 of 3:                              0x168
  P2-1                            0x2000'0000   0x168  <Init block>
    .data                inited   0x2000'0000    0x48  xfiles.o [2]
    .data                inited   0x2000'0048    0x48  xfiles.o [2]
    .data                inited   0x2000'0090    0x48  xfiles.o [2]
    .data                inited   0x2000'00d8    0x20  xfiles.o [2]
    .data                inited   0x2000'00f8    0x38  xlocale_c.o [2]
    .data                inited   0x2000'0130    0x18  xlocale_c.o [2]
    .data                inited   0x2000'0148    0x18  xlocale_c.o [2]
    .data                inited   0x2000'0160     0x8  XShttio.o [2]
                                - 0x2000'0168   0x168

"P2", part 2 of 3:                              0x4cc
  .bss                   zero     0x2000'0168   0x178  locale.o [3]
  .bss                   zero     0x2000'02e0    0xb0  locale.o [3]
  .bss                   zero     0x2000'0390    0x90  iostream_cout.o [3]
  .bss                   zero     0x2000'0420    0x80  XShHandles.o [2]
  .bss                   zero     0x2000'04a0    0x50  xfiles.o [2]
  .bss                   zero     0x2000'04f0    0x50  xfiles.o [2]
  .bss                   zero     0x2000'0540    0x1c  iar_newlocale.o [3]
  .bss                   zero     0x2000'055c     0xc  locale.o [3]
  .bss                   zero     0x2000'0568     0x8  locale.o [3]
  .bss                   zero     0x2000'0570     0x8  locale.o [3]
  .bss                   zero     0x2000'0578     0x8  locale.o [3]
  .bss                   zero     0x2000'0580     0x8  locale.o [3]
  .bss                   zero     0x2000'0588     0x8  locale.o [3]
  .bss                   zero     0x2000'0590     0x8  locale.o [3]
  .bss                   zero     0x2000'0598     0x8  locale.o [3]
  .bss                   zero     0x2000'05a0     0x8  locale.o [3]
  .bss                   zero     0x2000'05a8     0x8  locale.o [3]
  .bss                   zero     0x2000'05b0     0x8  locale.o [3]
  .bss                   zero     0x2000'05b8     0x8  locale.o [3]
  .bss                   zero     0x2000'05c0     0x8  locale.o [3]
  .bss                   zero     0x2000'05c8     0x8  locale.o [3]
  .bss                   zero     0x2000'05d0     0x8  locale.o [3]
  .bss                   zero     0x2000'05d8     0x8  locale.o [3]
  .bss                   zero     0x2000'05e0     0x8  locale.o [3]
  .bss                   zero     0x2000'05e8     0x8  locale.o [3]
  .bss                   zero     0x2000'05f0     0x8  locale.o [3]
  .bss                   zero     0x2000'05f8     0x8  locale.o [3]
  .bss                   zero     0x2000'0600     0x8  locale.o [3]
  .bss                   zero     0x2000'0608     0x8  locale.o [3]
  .bss                   zero     0x2000'0610     0x8  heap0.o [2]
  .bss                   zero     0x2000'0618     0x4  locale.o [3]
  .bss                   zero     0x2000'061c     0x4  cppinit.o [2]
  .bss                   zero     0x2000'0620     0x4  cppinit.o [2]
  .bss                   zero     0x2000'0624     0x4  new.o [4]
  .bss                   zero     0x2000'0628     0x4  xgetmemchunk.o [2]
  .bss                   zero     0x2000'062c     0x4  xfail_s.o [2]
  .tbss                  zero     0x2000'0630     0x4  errno.o [2]
                                - 0x2000'0634   0x4cc

"P2", part 3 of 3:                              0xdbc
  .iar.dynexit                    0x2000'0634   0x1bc  <Block>
    .iar.dynexit         uninit   0x2000'0634     0xc  cppinit.o [2]
    .iar.dynexit         uninit   0x2000'0640   0x1b0  <Block tail>
  CSTACK                          0x2000'07f0   0x400  <Block>
    CSTACK               uninit   0x2000'07f0   0x400  <Block tail>
  HEAP                            0x2000'0bf0   0x800  <Block>
    HEAP                 uninit   0x2000'0bf0   0x800  <Block tail>
                                - 0x2000'13f0   0xdbc

Unused ranges:

         From           To      Size
         ----           --      ----
       0x5064     0x7'ffff  0x7'af9c
  0x2000'13f0  0x2000'ffff    0xec10


*******************************************************************************
*** INIT TABLE
***

          Address      Size
          -------      ----
Zero (__iar_zero_init3)
    1 destination range, total size 0x4cc:
          0x2000'0168  0x4cc

Copy/lz77 (__iar_lz77_init_single3)
    1 source range, total size 0x6c (30% of destination):
               0x4ff8   0x6c
    1 destination range, total size 0x168:
          0x2000'0000  0x168

Extra (__iar_cstart_call_ctors)



*******************************************************************************
*** MODULE SUMMARY
***

    Module                       ro code  ro data  rw data
    ------                       -------  -------  -------
command line/config:
    ------------------------------------------------------
    Total:

F:\download\KOLODIY\Debug\Obj: [1]
    main.o                           152
    ------------------------------------------------------
    Total:                           152

dl7M_tlf.a: [2]
    XShHandles.o                     204               128
    XShttio.o                          8        3        8
    abort.o                            6
    cppinit.o                        160                20
    errno.o                           36                 4
    exit.o                             4
    fclose.o                         126
    fflush.o                         172
    fputc.o                           84
    fseek.o                           36
    fwrite.o                         184
    heap0.o                          316                 8
    heaptramp0.o                       4
    low_level_init.o                   4
    tp_nothreads.o                     4
    vsnprint.o                        60
    xcloseall.o                       64
    xfail_s.o                         64                 4
    xfgpos.o                          12
    xfiles.o                                   74      408
    xfofind.o                        140
    xfspos.o                         216
    xfwprep.o                        180
    xgetmemchunk.o                    44                 4
    xlocale_c.o                       24      164      104
    xprintffull_nomb.o             3'754
    xsnprout.o                        26
    ------------------------------------------------------
    Total:                         5'932      241      688

dllibcpp7M_tl_fc.a: [3]
    iar_locale.o                      40
    iar_newlocale.o                  776        4       28
    ios.instantiations.o             780      128
    ios.o                            180       16
    iostream_cout.o                  542       68      144
    locale.o                       5'016    2'450      736
    memory.o                           2
    mutex.o                           24
    string.o                          80
    vector.o                           4
    ------------------------------------------------------
    Total:                         7'444    2'666      908

dlpprt7M_tl_fc.a: [4]
    cxxabi.o                          10
    delaop_0.o                         4
    delop4_0.o                         4
    delop_0.o                         10
    new.o                                                4
    newop_0.o                         36
    nomemory.o                         4
    ------------------------------------------------------
    Total:                            68                 4

m7M_tl.a: [5]
    DblAddSub.o                      590
    DblCmpGe.o                        52
    DblCmpLe.o                        52
    DblDiv.o                         582
    DblMul.o                         426
    DblToS32.o                        54
    DblToU32.o                        34
    S32ToDbl.o                        34
    U32ToDbl.o                        28
    frexp.o                          112
    ldexp.o                          314
    ------------------------------------------------------
    Total:                         2'278

rt7M_tl.a: [6]
    ABImemcpy_unaligned.o            118
    ABImemset.o                      102
    I64DivMod.o                      560
    I64DivZer.o                        2
    arm_exceptions_uncaught_c.o        4
    cexit.o                           18
    cmain.o                           30
    cmain_call_ctors.o                32
    cstart_call_dtors.o
    cstart_closeall.o
    cstartup_M.o                      28
    data_init.o                       40
    lz77_init_single.o               126
    memchr.o                          88
    strchr.o                          22
    strlen.o                          54
    vector_table_M.o                  64
    vectortrap_M.o                     2
    zero_init3.o                      56
    ------------------------------------------------------
    Total:                         1'346

shb_l.a: [7]
    close.o                           24
    dwrite.o                          30
    exit.o                            20
    iarttio.o                        124
    iarwrite.o                        34
    iarwstd.o                         32
    lseek.o                           78
    remove.o                          20
    unwind_debug.o                              1
    write.o                           16
    ------------------------------------------------------
    Total:                           378        1

    Gaps                              30        8
    Linker created                             36    3'504
----------------------------------------------------------
    Grand Total:                  17'628    2'952    5'104


*******************************************************************************
*** ENTRY LIST
***

Entry                       Address   Size  Type      Object
-----                       -------   ----  ----      ------
.iar.dynexit$$Base      0x2000'0634          --   Gb  - Linker created -
.iar.dynexit$$Limit     0x2000'07f0          --   Gb  - Linker created -
.iar.init_table$$Base        0x4b88          --   Gb  - Linker created -
.iar.init_table$$Limit       0x4bac          --   Gb  - Linker created -
?main                        0x4cb1         Code  Gb  cmain.o [6]
Aldata                  0x2000'0610    0x8  Data  Lc  heap0.o [2]
BusFault_Handler             0x1353         Code  Wk  vectortrap_M.o [6]
CSTACK$$Base            0x2000'07f0          --   Gb  - Linker created -
CSTACK$$Limit           0x2000'0bf0          --   Gb  - Linker created -
DebugMon_Handler             0x1353         Code  Wk  vectortrap_M.o [6]
DtorRecArray            0x2000'0634    0xc  Data  Lc  cppinit.o [2]
HEAP$$Base              0x2000'0bf0          --   Gb  - Linker created -
HEAP$$Limit             0x2000'13f0          --   Gb  - Linker created -
HardFault_Handler            0x1353         Code  Wk  vectortrap_M.o [6]
MemManage_Handler            0x1353         Code  Wk  vectortrap_M.o [6]
NMI_Handler                  0x1353         Code  Wk  vectortrap_M.o [6]
PendSV_Handler               0x1353         Code  Wk  vectortrap_M.o [6]
Region$$Table$$Base          0x4b88          --   Gb  - Linker created -
Region$$Table$$Limit         0x4bac          --   Gb  - Linker created -
SHT$$INIT_ARRAY$$Base        0x4ff0          --   Gb  - Linker created -
SHT$$INIT_ARRAY$$Limit       0x4ff4          --   Gb  - Linker created -
SHT$$PREINIT_ARRAY$$Base
                             0x4fec          --   Gb  - Linker created -
SHT$$PREINIT_ARRAY$$Limit
                             0x4ff0          --   Gb  - Linker created -
SVC_Handler                  0x1353         Code  Wk  vectortrap_M.o [6]
SysTick_Handler              0x1353         Code  Wk  vectortrap_M.o [6]
UsageFault_Handler           0x1353         Code  Wk  vectortrap_M.o [6]
Virtual function table for std::__stdoutbuf<char>
                             0x46dc   0x40  Data  Wk  iostream_cout.o [3]
Virtual function table for std::__time_get_c_storage<char>
                             0x4b40   0x24  Data  Wk  locale.o [3]
Virtual function table for std::__time_get_c_storage<wchar_t>
                             0x4b64   0x24  Data  Wk  locale.o [3]
Virtual function table for std::codecvt<char, char, _Mbstatet>
                             0x4988   0x30  Data  Wk  locale.o [3]
Virtual function table for std::codecvt<char16_t, char, _Mbstatet>
                             0x49e8   0x30  Data  Wk  locale.o [3]
Virtual function table for std::codecvt<char32_t, char, _Mbstatet>
                             0x4a18   0x30  Data  Wk  locale.o [3]
Virtual function table for std::codecvt<wchar_t, char, _Mbstatet>
                             0x49b8   0x30  Data  Wk  locale.o [3]
Virtual function table for std::collate<char>
                             0x4bac   0x20  Data  Wk  locale.o [3]
Virtual function table for std::collate<wchar_t>
                             0x4bcc   0x20  Data  Wk  locale.o [3]
Virtual function table for std::ctype<char>
                             0x48ec   0x34  Data  Wk  locale.o [3]
Virtual function table for std::ctype<wchar_t>
                             0x4594   0x44  Data  Wk  locale.o [3]
Virtual function table for std::ios
                             0x4fa4   0x10  Data  Wk  ios.instantiations.o [3]
Virtual function table for std::ios_base
                             0x4f94   0x10  Data  Wk  ios.o [3]
Virtual function table for std::locale::__imp
                             0x4df0   0x14  Data  Wk  locale.o [3]
Virtual function table for std::locale::facet
                             0x4ddc   0x14  Data  Wk  locale.o [3]
Virtual function table for std::messages<char>
                             0x4bec   0x20  Data  Wk  locale.o [3]
Virtual function table for std::messages<wchar_t>
                             0x4c0c   0x20  Data  Wk  locale.o [3]
Virtual function table for std::money_get<char, std::istreambuf_iterator<char, std::char_traits<char>>>
                             0x4cec   0x1c  Data  Wk  locale.o [3]
Virtual function table for std::money_get<wchar_t, std::istreambuf_iterator<wchar_t, std::char_traits<wchar_t>>>
                             0x4d08   0x1c  Data  Wk  locale.o [3]
Virtual function table for std::money_put<char, std::ostreambuf_iterator<char, std::char_traits<char>>>
                             0x4d24   0x1c  Data  Wk  locale.o [3]
Virtual function table for std::money_put<wchar_t, std::ostreambuf_iterator<wchar_t, std::char_traits<wchar_t>>>
                             0x4d40   0x1c  Data  Wk  locale.o [3]
Virtual function table for std::moneypunct<char, (bool)0>
                             0x479c   0x38  Data  Wk  locale.o [3]
Virtual function table for std::moneypunct<char, (bool)1>
                             0x47d4   0x38  Data  Wk  locale.o [3]
Virtual function table for std::moneypunct<wchar_t, (bool)0>
                             0x480c   0x38  Data  Wk  locale.o [3]
Virtual function table for std::moneypunct<wchar_t, (bool)1>
                             0x4844   0x38  Data  Wk  locale.o [3]
Virtual function table for std::num_get<char, std::istreambuf_iterator<char, std::char_traits<char>>>
                             0x461c   0x40  Data  Wk  locale.o [3]
Virtual function table for std::num_get<wchar_t, std::istreambuf_iterator<wchar_t, std::char_traits<wchar_t>>>
                             0x465c   0x40  Data  Wk  locale.o [3]
Virtual function table for std::num_put<char, std::ostreambuf_iterator<char, std::char_traits<char>>>
                             0x4920   0x34  Data  Wk  locale.o [3]
Virtual function table for std::num_put<wchar_t, std::ostreambuf_iterator<wchar_t, std::char_traits<wchar_t>>>
                             0x4954   0x34  Data  Wk  locale.o [3]
Virtual function table for std::numpunct<char>
                             0x4a78   0x28  Data  Wk  locale.o [3]
Virtual function table for std::numpunct<wchar_t>
                             0x4aa0   0x28  Data  Wk  locale.o [3]
Virtual function table for std::ostream
                             0x4ac8   0x28  Data  Wk  ios.instantiations.o [3]
Virtual function table for std::streambuf
                             0x469c   0x40  Data  Wk  ios.instantiations.o [3]
Virtual function table for std::time_get<char, std::istreambuf_iterator<char, std::char_traits<char>>>
                             0x4408   0x54  Data  Wk  locale.o [3]
Virtual function table for std::time_get<wchar_t, std::istreambuf_iterator<wchar_t, std::char_traits<wchar_t>>>
                             0x445c   0x54  Data  Wk  locale.o [3]
Virtual function table for std::time_put<char, std::ostreambuf_iterator<char, std::char_traits<char>>>
                             0x4d94   0x18  Data  Wk  locale.o [3]
Virtual function table for std::time_put<wchar_t, std::ostreambuf_iterator<wchar_t, std::char_traits<wchar_t>>>
                             0x4dac   0x18  Data  Wk  locale.o [3]
Virtual table table for std::ostream
                             0x4fe4    0x8  Data  Wk  ios.instantiations.o [3]
[local to iar_newlocale_cpp]::std::sLast
                        0x2000'0558    0x4  Data  Lc  iar_newlocale.o [3]
[local to iar_newlocale_cpp]::std::sLastName
                        0x2000'0540    0xc  Data  Lc  iar_newlocale.o [3]
[local to iar_newlocale_cpp]::std::sRefCounts
                        0x2000'054c    0xc  Data  Lc  iar_newlocale.o [3]
[local to iostream_cout_cpp]::std::<unnamed>::__coutg
                        0x2000'03e4    0x1  Data  Lc  iostream_cout.o [3]
[local to iostream_cout_cpp]::std::__cout
                        0x2000'03f0   0x30  Data  Lc  iostream_cout.o [3]
[local to iostream_cout_cpp]::std::mb_cout
                        0x2000'03e8    0x8  Data  Lc  iostream_cout.o [3]
_CProfile               0x2000'0130   0x18  Data  Lc  xlocale_c.o [2]
_Close_all                   0x475d   0x40  Code  Gb  xcloseall.o [2]
_Files                  0x2000'00d8   0x20  Data  Gb  xfiles.o [2]
_Fofree                      0x40f1   0x86  Code  Gb  xfofind.o [2]
_Fspos                       0x3621   0xd8  Code  Gb  xfspos.o [2]
_Fwprep                      0x39f5   0xb4  Code  Gb  xfwprep.o [2]
_LC                            0x41    0x6  Code  Lc  xprintffull_nomb.o [2]
_LitobFullNoMb                0xd09  0x114  Code  Lc  xprintffull_nomb.o [2]
_LocaleC_lconv               0x487c   0x38  Data  Lc  xlocale_c.o [2]
_Locale_Profile         0x2000'0148   0x18  Data  Lc  xlocale_c.o [2]
_Locale_lconv           0x2000'00f8   0x38  Data  Lc  xlocale_c.o [2]
_Nnl                         0x37a5    0xc  Code  Gb  xfgpos.o [2]
_PrintfFullNoMb                0x47  0xc92  Code  Gb  xprintffull_nomb.o [2]
_PutcharsFullNoMb             0xe75   0x2e  Code  Lc  xprintffull_nomb.o [2]
_SNProut                      0xf7f   0x1a  Code  Gb  xsnprout.o [2]
__aeabi_atexit               0x3dad    0xa  Code  Gb  cxxabi.o [4]
__aeabi_cdcmple              0x1155         Code  Gb  DblCmpLe.o [5]
__aeabi_cdrcmple             0x1189         Code  Gb  DblCmpGe.o [5]
__aeabi_d2iz                 0x12f9         Code  Gb  DblToS32.o [5]
__aeabi_d2uiz                0x17ed         Code  Gb  DblToU32.o [5]
__aeabi_ddiv                 0x15a5         Code  Gb  DblDiv.o [5]
__aeabi_dmul                 0x182d         Code  Gb  DblMul.o [5]
__aeabi_dsub                 0x14c1         Code  Gb  DblAddSub.o [5]
__aeabi_i2d                  0x1331         Code  Gb  S32ToDbl.o [5]
__aeabi_ldiv0                0x1c4d         Code  Gb  I64DivZer.o [6]
__aeabi_memset               0x3ff9         Code  Gb  ABImemset.o [6]
__aeabi_ui2d                 0x1811         Code  Gb  U32ToDbl.o [5]
__aeabi_uldivmod             0x19f1         Code  Gb  I64DivMod.o [6]
__basic_free                 0x2f5d   0x16  Code  Gb  heap0.o [2]
__basic_free_intern          0x2f73   0x74  Code  Lc  heap0.o [2]
__basic_malloc               0x2eb1   0x18  Code  Gb  heap0.o [2]
__basic_malloc_intern        0x2ec9   0x94  Code  Lc  heap0.o [2]
__call_ctors                 0x3c31   0x18  Code  Gb  cppinit.o [2]
__call_dtors                 0x3c7f    0xc  Code  Gb  cppinit.o [2]
__call_dtors0                0x3c8b   0x36  Code  Gb  cppinit.o [2]
__cexit_call_dtors           0x4cdb         Code  Gb  cexit.o [6]
__cexit_closeall             0x4cdf         Code  Gb  cexit.o [6]
__close                      0x42f3   0x18  Code  Gb  close.o [7]
__cmain                      0x4cb1         Code  Gb  cmain.o [6]
__cstart_call_dtors          0x4ff8         Data  Gb  cstart_call_dtors.o [6]
__cstart_closeall            0x4ff8         Data  Gb  cstart_closeall.o [6]
__cxa_atexit                 0x3c49   0x36  Code  Gb  cppinit.o [2]
__data_GetMemChunk           0x3049   0x2c  Code  Gb  xgetmemchunk.o [2]
__data_GetMemChunk::start
                        0x2000'0628    0x4  Data  Lc  xgetmemchunk.o [2]
__dso_handle            0x2000'0620    0x4  Data  Gb  cppinit.o [2]
__dwrite                     0x38dd   0x1e  Code  Gb  dwrite.o [7]
__exit                       0x1c51   0x14  Code  Gb  exit.o [7]
__iar_CProfile               0x19d9    0x4  Code  Gb  xlocale_c.o [2]
__iar_C_Locale               0x4504   0x48  Data  Lc  xlocale_c.o [2]
__iar_Errno             0x2000'0630    0x4  Tls   Gb  errno.o [2]
__iar_Fail_s                  0xf99   0x1c  Code  Gb  xfail_s.o [2]
__iar_Memchr                 0x1015         Code  Gb  memchr.o [6]
__iar_Memset                 0x3ff9         Code  Gb  ABImemset.o [6]
__iar_Memset_word            0x4001         Code  Gb  ABImemset.o [6]
__iar_Stderr            0x2000'0090   0x48  Data  Gb  xfiles.o [2]
__iar_Stdin             0x2000'0000   0x48  Data  Gb  xfiles.o [2]
__iar_Stdout            0x2000'0048   0x48  Data  Gb  xfiles.o [2]
__iar_Strchr                  0xf69         Code  Gb  strchr.o [6]
__iar_close_ttio             0x1c69   0x2c  Code  Gb  iarttio.o [7]
__iar_cstart_call_ctors
                             0x4c55   0x20  Code  Gb  cmain_call_ctors.o [6]
__iar_data_init3             0x4af1   0x28  Code  Gb  data_init.o [6]
__iar_debug_exceptions       0x15a2    0x1  Data  Gb  unwind_debug.o [7]
__iar_errno_set              0x1c29    0xe  Code  Gb  errno.o [2]
__iar_errno_set_ERANGE       0x1c37    0xc  Code  Gb  errno.o [2]
__iar_frexp                  0x10f1         Code  Gb  frexp.o [5]
__iar_frexp64                0x10e5         Code  Gb  frexp.o [5]
__iar_frexpl                 0x10f1         Code  Gb  frexp.o [5]
__iar_get_ttio               0x1c95   0x4c  Code  Gb  iarttio.o [7]
__iar_global_Profile         0x19dd    0x4  Code  Gb  xlocale_c.o [2]
__iar_ldexp64                0x11bd         Code  Gb  ldexp.o [5]
__iar_lookup_ttioh           0x1ce5    0x8  Code  Gb  XShttio.o [2]
__iar_lz77_init_single3
                              0xeeb   0x7e  Code  Gb  lz77_init_single.o [6]
__iar_nothread_read_tp       0x1c65    0x4  Code  Gb  tp_nothreads.o [2]
__iar_program_start          0x4d5d         Code  Gb  cstartup_M.o [6]
__iar_scalbln64              0x11bd         Code  Gb  ldexp.o [5]
__iar_scalbn64               0x11bd         Code  Gb  ldexp.o [5]
__iar_sh_Discard             0x3811   0x42  Code  Gb  XShHandles.o [2]
__iar_sh_Move                0x3853   0x46  Code  Gb  XShHandles.o [2]
__iar_sh_Pos                 0x3899   0x40  Code  Gb  XShHandles.o [2]
__iar_sh_stdout              0x38fb   0x20  Code  Gb  iarwstd.o [7]
__iar_sh_write               0x391b   0x22  Code  Gb  iarwrite.o [7]
__iar_tls$$INIT_ARRAY$$Base
                             0x4ff4          --   Gb  - Linker created -
__iar_tls$$INIT_ARRAY$$Limit
                             0x4ff4          --   Gb  - Linker created -
__iar_ttio_handles      0x2000'0160    0x8  Data  Lc  XShttio.o [2]
__iar_unaligned_memcpy       0x106d         Code  Gb  ABImemcpy_unaligned.o [6]
__iar_unaligned_memcpy4
                             0x108d         Code  Gb  ABImemcpy_unaligned.o [6]
__iar_unaligned_memcpy8
                             0x108d         Code  Gb  ABImemcpy_unaligned.o [6]
__iar_zero_init3             0x48b5   0x38  Code  Gb  zero_init3.o [6]
__low_level_init             0x4ccf    0x4  Code  Gb  low_level_init.o [2]
__lseek                      0x37b1   0x4e  Code  Gb  lseek.o [7]
__no_uncaught_exception
                             0x3f09    0x4  Code  Gb  arm_exceptions_uncaught_c.o [6]
__sti__routine               0x3cd1   0x68  Code  Lc  iostream_cout.o [3]
__sti__routine               0x45d9   0x32  Code  Lc  iar_newlocale.o [3]
__vector_table                  0x0         Data  Gb  vector_table_M.o [6]
__write                      0x37ff   0x10  Code  Gb  write.o [7]
_call_main                   0x4cbd         Code  Gb  cmain.o [6]
_exit                        0x4cd9         Code  Gb  cexit.o [6]
abort                        0x1c21    0x6  Code  Gb  abort.o [2]
ebuf                    0x2000'04a0   0x50  Data  Lc  xfiles.o [2]
exit                         0x4cd3    0x4  Code  Gb  exit.o [2]
fclose                       0x4275   0x7e  Code  Gb  fclose.o [2]
fflush                       0x376d   0x34  Code  Gb  fflush.o [2]
fflushOne                    0x36f9   0x74  Code  Lc  fflush.o [2]
fputc                        0x44b1   0x54  Code  Gb  fputc.o [2]
free                         0x2e73    0x4  Code  Gb  heaptramp0.o [2]
freelocale                   0x2a21   0xa4  Code  Wk  iar_newlocale.o [3]
frexp                        0x10e5         Code  Gb  frexp.o [5]
frexpl                       0x10e5         Code  Gb  frexp.o [5]
fseek                        0x3aa9   0x24  Code  Gb  fseek.o [2]
fwrite                       0x393d   0xb8  Code  Gb  fwrite.o [2]
ldexp                        0x11bd         Code  Gb  ldexp.o [5]
ldexpl                       0x11bd         Code  Gb  ldexp.o [5]
localeconv                   0x19e1    0x4  Code  Gb  xlocale_c.o [2]
main                         0x4c2d   0x20  Code  Gb  main.o [1]
memchr                       0x1015         Code  Gb  memchr.o [6]
next_abi_dtor_rec       0x2000'061c    0x4  Data  Lc  cppinit.o [2]
obuf                    0x2000'04f0   0x50  Data  Lc  xfiles.o [2]
operator delete (void *)
                             0x2b01    0xa  Code  Gb  delop_0.o [4]
operator delete (void *, unsigned int)
                             0x2545    0x4  Code  Gb  delop4_0.o [4]
operator delete[] (void *)
                             0x29e3    0x4  Code  Gb  delaop_0.o [4]
operator new (unsigned int)
                             0x2b59   0x24  Code  Gb  newop_0.o [4]
remove                       0x430b   0x14  Code  Gb  remove.o [7]
sFileInfo               0x2000'0420   0x80  Data  Lc  XShHandles.o [2]
scalbln                      0x11bd         Code  Gb  ldexp.o [5]
scalblnl                     0x11bd         Code  Gb  ldexp.o [5]
scalbn                       0x11bd         Code  Gb  ldexp.o [5]
scalbnl                      0x11bd         Code  Gb  ldexp.o [5]
scale                         0xe1d   0x46  Code  Lc  xprintffull_nomb.o [2]
sec_hand                0x2000'062c    0x4  Data  Lc  xfail_s.o [2]
snprintf_l                   0x29fd   0x24  Code  Gb  iar_locale.o [3]
std::<unnamed>::__cout_guard::~__cout_guard()
                             0x3d39    0xe  Code  Lc  iostream_cout.o [3]
std::_GLOBAL__N__10_locale_cpp_3334805e::make<std::codecvt<char, char, mbstate_t>, unsigned int>(unsigned int)::buf
                        0x2000'01d0    0x8  Data  Lc  locale.o [3]
std::_GLOBAL__N__10_locale_cpp_3334805e::make<std::codecvt<char16_t, char, mbstate_t>, unsigned int>(unsigned int)::buf
                        0x2000'01e8    0x8  Data  Lc  locale.o [3]
std::_GLOBAL__N__10_locale_cpp_3334805e::make<std::codecvt<char32_t, char, mbstate_t>, unsigned int>(unsigned int)::buf
                        0x2000'01f0    0x8  Data  Lc  locale.o [3]
std::_GLOBAL__N__10_locale_cpp_3334805e::make<std::codecvt<wchar_t, char, mbstate_t>, unsigned int>(unsigned int)::buf
                        0x2000'01d8   0x10  Data  Lc  locale.o [3]
std::_GLOBAL__N__10_locale_cpp_3334805e::make<std::collate<char>, unsigned int>(unsigned int)::buf
                        0x2000'01b8    0x8  Data  Lc  locale.o [3]
std::_GLOBAL__N__10_locale_cpp_3334805e::make<std::collate<wchar_t>, unsigned int>(unsigned int)::buf
                        0x2000'01c0    0x8  Data  Lc  locale.o [3]
std::_GLOBAL__N__10_locale_cpp_3334805e::make<std::ctype<char>, std::nullptr_t, bool, unsigned int>(std::nullptr_t, bool, unsigned int)::buf
                        0x2000'0168   0x10  Data  Lc  locale.o [3]
std::_GLOBAL__N__10_locale_cpp_3334805e::make<std::ctype<wchar_t>, unsigned int>(unsigned int)::buf
                        0x2000'01c8    0x8  Data  Lc  locale.o [3]
std::_GLOBAL__N__10_locale_cpp_3334805e::make<std::locale::__imp, unsigned int>(unsigned int)::buf
                        0x2000'02e8   0xa8  Data  Lc  locale.o [3]
std::_GLOBAL__N__10_locale_cpp_3334805e::make<std::messages<char>, unsigned int>(unsigned int)::buf
                        0x2000'02d0    0x8  Data  Lc  locale.o [3]
std::_GLOBAL__N__10_locale_cpp_3334805e::make<std::messages<wchar_t>, unsigned int>(unsigned int)::buf
                        0x2000'02d8    0x8  Data  Lc  locale.o [3]
std::_GLOBAL__N__10_locale_cpp_3334805e::make<std::money_get<char>, unsigned int>(unsigned int)::buf
                        0x2000'0270    0x8  Data  Lc  locale.o [3]
std::_GLOBAL__N__10_locale_cpp_3334805e::make<std::money_get<wchar_t>, unsigned int>(unsigned int)::buf
                        0x2000'0278    0x8  Data  Lc  locale.o [3]
std::_GLOBAL__N__10_locale_cpp_3334805e::make<std::money_put<char>, unsigned int>(unsigned int)::buf
                        0x2000'0280    0x8  Data  Lc  locale.o [3]
std::_GLOBAL__N__10_locale_cpp_3334805e::make<std::money_put<wchar_t>, unsigned int>(unsigned int)::buf
                        0x2000'0288    0x8  Data  Lc  locale.o [3]
std::_GLOBAL__N__10_locale_cpp_3334805e::make<std::moneypunct<char, false>, unsigned int>(unsigned int)::buf
                        0x2000'0250    0x8  Data  Lc  locale.o [3]
std::_GLOBAL__N__10_locale_cpp_3334805e::make<std::moneypunct<char, true>, unsigned int>(unsigned int)::buf
                        0x2000'0258    0x8  Data  Lc  locale.o [3]
std::_GLOBAL__N__10_locale_cpp_3334805e::make<std::moneypunct<wchar_t, false>, unsigned int>(unsigned int)::buf
                        0x2000'0260    0x8  Data  Lc  locale.o [3]
std::_GLOBAL__N__10_locale_cpp_3334805e::make<std::moneypunct<wchar_t, true>, unsigned int>(unsigned int)::buf
                        0x2000'0268    0x8  Data  Lc  locale.o [3]
std::_GLOBAL__N__10_locale_cpp_3334805e::make<std::num_get<char>, unsigned int>(unsigned int)::buf
                        0x2000'0230    0x8  Data  Lc  locale.o [3]
std::_GLOBAL__N__10_locale_cpp_3334805e::make<std::num_get<wchar_t>, unsigned int>(unsigned int)::buf
                        0x2000'0238    0x8  Data  Lc  locale.o [3]
std::_GLOBAL__N__10_locale_cpp_3334805e::make<std::num_put<char>, unsigned int>(unsigned int)::buf
                        0x2000'0240    0x8  Data  Lc  locale.o [3]
std::_GLOBAL__N__10_locale_cpp_3334805e::make<std::num_put<wchar_t>, unsigned int>(unsigned int)::buf
                        0x2000'0248    0x8  Data  Lc  locale.o [3]
std::_GLOBAL__N__10_locale_cpp_3334805e::make<std::numpunct<char>, unsigned int>(unsigned int)::buf
                        0x2000'01f8   0x18  Data  Lc  locale.o [3]
std::_GLOBAL__N__10_locale_cpp_3334805e::make<std::numpunct<wchar_t>, unsigned int>(unsigned int)::buf
                        0x2000'0210   0x20  Data  Lc  locale.o [3]
std::_GLOBAL__N__10_locale_cpp_3334805e::make<std::time_get<char>, unsigned int>(unsigned int)::buf
                        0x2000'0290   0x10  Data  Lc  locale.o [3]
std::_GLOBAL__N__10_locale_cpp_3334805e::make<std::time_get<wchar_t>, unsigned int>(unsigned int)::buf
                        0x2000'02a0   0x10  Data  Lc  locale.o [3]
std::_GLOBAL__N__10_locale_cpp_3334805e::make<std::time_put<char>, unsigned int>(unsigned int)::buf
                        0x2000'02b0   0x10  Data  Lc  locale.o [3]
std::_GLOBAL__N__10_locale_cpp_3334805e::make<std::time_put<wchar_t>, unsigned int>(unsigned int)::buf
                        0x2000'02c0   0x10  Data  Lc  locale.o [3]
std::_NomemoryNothrow()
                             0x2eab    0x4  Code  Gb  nomemory.o [4]
std::__basic_string_common<(bool)1>::__throw_length_error() const
                             0x2b55    0x4  Code  Wk  string.o [3]
std::__call_once(unsigned long volatile &, void *, void (*)(void *))
                             0x29cb   0x18  Code  Gb  mutex.o [3]
std::__cloc()                0x29f9    0x4  Code  Gb  iar_locale.o [3]
std::__iar_New_hand     0x2000'0624    0x4  Data  Gb  new.o [4]
std::__num_put<char>::__widen_and_group_int(char *, char *, char *, char *, char *&, char *&, std::locale const &)
                             0x3475  0x174  Code  Wk  locale.o [3]
std::__num_put_base::__format_int(char *, char const *, bool, unsigned int)
                             0x249d   0x64  Code  Gb  locale.o [3]
std::__num_put_base::__identify_padding(char *, char *, std::ios_base const &)
                             0x2501   0x3a  Code  Gb  locale.o [3]
std::__shared_count::__release_shared()
                             0x254b   0x32  Code  Wk  locale.o [3]
std::__shared_count::~__shared_count() [subobject]
                             0x2549    0x2  Code  Gb  memory.o [3]
std::__split_buffer<std::locale::facet *, std::__sso_allocator<std::locale::facet *, (unsigned int)30> &>::__split_buffer(unsigned int, unsigned int, std::__sso_allocator<std::locale::facet *, (unsigned int)30> &)
                             0x2bdd   0x2c  Code  Wk  locale.o [3]
std::__split_buffer<std::locale::facet *, std::__sso_allocator<std::locale::facet *, (unsigned int)30> &>::~__split_buffer()
                             0x2c13   0x28  Code  Wk  locale.o [3]
std::__stdoutbuf<char>::__stdoutbuf(__FILE *, _Mbstatet *)
                             0x3d69   0x44  Code  Wk  iostream_cout.o [3]
std::__stdoutbuf<char>::overflow(int)
                             0x3b81   0xae  Code  Wk  iostream_cout.o [3]
std::__stdoutbuf<char>::sync()
                             0x454d   0x48  Code  Wk  iostream_cout.o [3]
std::__stdoutbuf<char>::xsputn(char const *, int)
                             0x471d   0x40  Code  Wk  iostream_cout.o [3]
std::__stdoutbuf<char>::~__stdoutbuf()
                             0x4fd1    0xc  Code  Wk  iostream_cout.o [3]
std::__tree<std::__value_type<_Locale_Profile_t const *, int>, std::__map_value_compare<_Locale_Profile_t const *, std::__value_type<_Locale_Profile_t const *, int>, std::less<_Locale_Profile_t const *>, (bool)1>, std::allocator<std::__value_type<_Locale_Profile_t const *, int>>>::destroy(std::__tree_node<std::__value_type<_Locale_Profile_t const *, int>, void *> *)
                             0x4b19   0x26  Code  Wk  iar_newlocale.o [3]
std::__vector_base<std::locale::facet *, std::__sso_allocator<std::locale::facet *, (unsigned int)30>>::__destruct_at_end(std::locale::facet **)
                             0x2c3b   0x10  Code  Wk  locale.o [3]
std::__vector_base<std::locale::facet *, std::__sso_allocator<std::locale::facet *, (unsigned int)30>>::capacity() const
                             0x2b7d    0xc  Code  Wk  locale.o [3]
std::__vector_base<std::locale::facet *, std::__sso_allocator<std::locale::facet *, (unsigned int)30>>::~__vector_base()
                             0x28b3   0x2a  Code  Wk  locale.o [3]
std::__vector_base_common<(bool)1>::__throw_length_error() const
                             0x2e7d    0x4  Code  Wk  vector.o [3]
std::allocator_traits<std::__sso_allocator<std::locale::facet *, (unsigned int)30>>::allocate(std::__sso_allocator<std::locale::facet *, (unsigned int)30> &, unsigned int)
                             0x2e81   0x2a  Code  Wk  locale.o [3]
std::allocator_traits<std::__sso_allocator<std::locale::facet *, (unsigned int)30>>::deallocate(std::__sso_allocator<std::locale::facet *, (unsigned int)30> &, std::locale::facet **, unsigned int)
                             0x2b89   0x16  Code  Wk  locale.o [3]
std::allocator_traits<std::allocator<std::__tree_node<std::__value_type<_Locale_Profile_t const *, int>, void *>>>::deallocate(std::allocator<std::__tree_node<std::__value_type<_Locale_Profile_t const *, int>, void *>>&, std::__tree_node<std::__value_type<_Locale_Profile_t const *, int>, void *> *, unsigned int)
                             0x2e29    0xc  Code  Wk  iar_newlocale.o [3]
std::char_traits<char>::copy(char *, char const *, unsigned int)
                             0x3039    0xe  Code  Wk  string.o [3]
std::codecvt<char, char, _Mbstatet>::codecvt(unsigned int)
                             0x2665   0x18  Code  Wk  locale.o [3]
std::codecvt<char, char, _Mbstatet>::do_always_noconv() const
                             0x23dd    0x4  Code  Gb  locale.o [3]
std::codecvt<char, char, _Mbstatet>::do_out(_Mbstatet &, char const *, char const *, char const *&, char *, char *, char *&) const
                             0x23c9    0x2  Code  Gb  locale.o [3]
std::codecvt<char, char, _Mbstatet>::do_unshift(_Mbstatet &, char *, char *, char *&) const
                             0x23d9    0x4  Code  Gb  locale.o [3]
std::codecvt<char, char, _Mbstatet>::id
                        0x2000'0188    0x8  Data  Gb  locale.o [3]
std::codecvt<char, char, _Mbstatet>::~codecvt() [deleting]
                             0x1d39    0x4  Code  Gb  locale.o [3]
std::codecvt<char16_t, char, _Mbstatet>::codecvt(unsigned int)
                             0x267d   0x18  Code  Wk  locale.o [3]
std::codecvt<char16_t, char, _Mbstatet>::id
                        0x2000'0198    0x8  Data  Gb  locale.o [3]
std::codecvt<char16_t, char, _Mbstatet>::~codecvt() [deleting]
                             0x1d47    0x4  Code  Gb  locale.o [3]
std::codecvt<char32_t, char, _Mbstatet>::codecvt(unsigned int)
                             0x2695   0x18  Code  Wk  locale.o [3]
std::codecvt<char32_t, char, _Mbstatet>::id
                        0x2000'01a0    0x8  Data  Gb  locale.o [3]
std::codecvt<char32_t, char, _Mbstatet>::~codecvt() [deleting]
                             0x1d4b    0x4  Code  Gb  locale.o [3]
std::codecvt<wchar_t, char, _Mbstatet>::codecvt(unsigned int)
                             0x23e1   0x16  Code  Gb  locale.o [3]
std::codecvt<wchar_t, char, _Mbstatet>::id
                        0x2000'0190    0x8  Data  Gb  locale.o [3]
std::codecvt<wchar_t, char, _Mbstatet>::~codecvt()
                             0x2401   0x1c  Code  Gb  locale.o [3]
std::codecvt<wchar_t, char, _Mbstatet>::~codecvt() [deleting]
                             0x1d3d    0xa  Code  Gb  locale.o [3]
std::collate<char>::collate(unsigned int)
                             0x261d   0x18  Code  Wk  locale.o [3]
std::collate<char>::id  0x2000'0568    0x8  Data  Wk  locale.o [3]
std::collate<char>::~collate() [deleting]
                             0x4e05   0x14  Code  Wk  locale.o [3]
std::collate<wchar_t>::collate(unsigned int)
                             0x2635   0x18  Code  Wk  locale.o [3]
std::collate<wchar_t>::id
                        0x2000'0570    0x8  Data  Wk  locale.o [3]
std::collate<wchar_t>::~collate() [deleting]
                             0x4e19   0x14  Code  Wk  locale.o [3]
std::cout               0x2000'0390   0x54  Data  Gb  iostream_cout.o [3]
std::ctype<char> const & std::use_facet<std::ctype<char>>(std::locale const &)
                             0x4259   0x10  Code  Wk  main.o [1]
std::ctype<char>::classic_table() noexcept::builtin_table
                             0x3074  0x400  Data  Lc  locale.o [3]
std::ctype<char>::do_widen(char const *, char const *, char *) const
                             0x23a5   0x14  Code  Gb  locale.o [3]
std::ctype<char>::do_widen(char) const
                             0x23a1    0x4  Code  Gb  locale.o [3]
std::ctype<char>::id    0x2000'0180    0x8  Data  Gb  locale.o [3]
std::ctype<char>::widen(char const *, char const *, char *) const
                             0x360d    0xa  Code  Wk  locale.o [3]
std::ctype<char>::widen(char) const
                             0x4269    0xc  Code  Wk  main.o [1]
std::ctype<char>::~ctype()
                             0x238b   0x16  Code  Gb  locale.o [3]
std::ctype<char>::~ctype() [deleting]
                             0x1d25   0x14  Code  Gb  locale.o [3]
std::ctype<wchar_t>::ctype(unsigned int)
                             0x264d   0x18  Code  Wk  locale.o [3]
std::ctype<wchar_t>::id
                        0x2000'0178    0x8  Data  Gb  locale.o [3]
std::ctype<wchar_t>::~ctype() [deleting]
                             0x1d11    0x2  Code  Gb  locale.o [3]
std::enable_if<(std::is_move_constructible<std::locale::facet **>::value&&std::is_move_assignable<std::locale::facet **>::value), void>::type std::swap<std::locale::facet **>(std::locale::facet ** &, std::locale::facet ** &)
                             0x2c09    0xa  Code  Wk  locale.o [3]
std::ios::fill() const       0x4205   0x1a  Code  Wk  ios.instantiations.o [3]
std::ios::widen(char) const
                             0x422f   0x28  Code  Wk  main.o [1]
std::ios_base::__call_callbacks(std::ios_base::event)
                             0x3acf   0x22  Code  Gb  ios.o [3]
std::ios_base::clear(unsigned int)
                             0x3b29   0x16  Code  Gb  ios.o [3]
std::ios_base::getloc() const
                             0x3af1    0x6  Code  Gb  ios.o [3]
std::ios_base::init(void *)
                             0x3b3f   0x3e  Code  Gb  ios.o [3]
std::ios_base::~ios_base()
                             0x3af7   0x32  Code  Gb  ios.o [3]
std::ios_base::~ios_base() [subobject]
                             0x3acd    0x2  Code  Gb  ios.o [3]
std::locale::__global()
                             0x2261   0x2e  Code  Gb  locale.o [3]
std::locale::__global()::g
                        0x2000'0564    0x4  Data  Lc  locale.o [3]
std::locale::__global()::static guard for g
                        0x2000'055c    0x1  Data  Lc  locale.o [3]
std::locale::__imp::__imp(unsigned int)
                             0x1d8f  0x396  Code  Gb  locale.o [3]
std::locale::__imp::has_facet(long) const
                             0x29b1   0x1a  Code  Wk  locale.o [3]
std::locale::__imp::install(std::locale::facet *, long)
                             0x2195   0x74  Code  Gb  locale.o [3]
std::locale::__imp::make_classic()
                             0x2221   0x1a  Code  Gb  locale.o [3]
std::locale::__imp::make_classic()::buf
                        0x2000'02e0    0x4  Data  Lc  locale.o [3]
std::locale::__imp::make_global()::buf
                        0x2000'0560    0x4  Data  Lc  locale.o [3]
std::locale::__imp::use_facet(long) const
                             0x2209   0x18  Code  Gb  locale.o [3]
std::locale::__imp::~__imp()
                             0x2145   0x4a  Code  Gb  locale.o [3]
std::locale::__imp::~__imp() [deleting]
                             0x1cf1   0x14  Code  Gb  locale.o [3]
std::locale::classic()       0x223b   0x18  Code  Gb  locale.o [3]
std::locale::classic()::c
                        0x2000'060c    0x4  Data  Lc  locale.o [3]
std::locale::classic()::static guard for c
                        0x2000'0608    0x1  Data  Lc  locale.o [3]
std::locale::facet::__on_zero_shared()
                             0x232d    0xa  Code  Gb  locale.o [3]
std::locale::facet::facet(unsigned int) [subobject]
                             0x29e9   0x10  Code  Wk  locale.o [3]
std::locale::facet::~facet() [deleting]
                             0x1ced    0x4  Code  Gb  locale.o [3]
std::locale::id::__get()
                             0x2337   0x3c  Code  Gb  locale.o [3]
std::locale::id::__init()
                             0x237d    0xe  Code  Gb  locale.o [3]
std::locale::id::__next_id
                        0x2000'0618    0x4  Data  Gb  locale.o [3]
std::locale::locale()        0x22c9    0x8  Code  Gb  locale.o [3]
std::locale::locale(const std::locale&)
                             0x22ed    0x2  Code  Gb  locale.o [3]
std::locale::use_facet(std::locale::id &) const
                             0x2319   0x14  Code  Gb  locale.o [3]
std::locale::~locale()       0x2307    0x2  Code  Gb  locale.o [3]
std::map<_Locale_Profile_t const *, int, std::less<_Locale_Profile_t const *>, std::allocator<std::pair<_Locale_Profile_t const *const , int>>>::~map()
                             0x4fc3    0xe  Code  Wk  iar_newlocale.o [3]
std::messages<char>::id
                        0x2000'05f8    0x8  Data  Wk  locale.o [3]
std::messages<char>::messages(unsigned int)
                             0x2865   0x18  Code  Wk  locale.o [3]
std::messages<char>::~messages() [deleting]
                             0x4f6d   0x14  Code  Wk  locale.o [3]
std::messages<wchar_t>::id
                        0x2000'0600    0x8  Data  Wk  locale.o [3]
std::messages<wchar_t>::messages(unsigned int)
                             0x287d   0x18  Code  Wk  locale.o [3]
std::messages<wchar_t>::~messages() [deleting]
                             0x4f81   0x14  Code  Wk  locale.o [3]
std::money_get<char, std::istreambuf_iterator<char, std::char_traits<char>>>::id
                        0x2000'05d8    0x8  Data  Wk  locale.o [3]
std::money_get<char, std::istreambuf_iterator<char, std::char_traits<char>>>::money_get(unsigned int)
                             0x276d   0x18  Code  Wk  locale.o [3]
std::money_get<char, std::istreambuf_iterator<char, std::char_traits<char>>>::~money_get() [deleting]
                             0x4f1d   0x14  Code  Wk  locale.o [3]
std::money_get<wchar_t, std::istreambuf_iterator<wchar_t, std::char_traits<wchar_t>>>::id
                        0x2000'05e0    0x8  Data  Wk  locale.o [3]
std::money_get<wchar_t, std::istreambuf_iterator<wchar_t, std::char_traits<wchar_t>>>::money_get(unsigned int)
                             0x2785   0x18  Code  Wk  locale.o [3]
std::money_get<wchar_t, std::istreambuf_iterator<wchar_t, std::char_traits<wchar_t>>>::~money_get() [deleting]
                             0x4f31   0x14  Code  Wk  locale.o [3]
std::money_put<char, std::ostreambuf_iterator<char, std::char_traits<char>>>::id
                        0x2000'05e8    0x8  Data  Wk  locale.o [3]
std::money_put<char, std::ostreambuf_iterator<char, std::char_traits<char>>>::money_put(unsigned int)
                             0x279d   0x18  Code  Wk  locale.o [3]
std::money_put<char, std::ostreambuf_iterator<char, std::char_traits<char>>>::~money_put() [deleting]
                             0x4f45   0x14  Code  Wk  locale.o [3]
std::money_put<wchar_t, std::ostreambuf_iterator<wchar_t, std::char_traits<wchar_t>>>::id
                        0x2000'05f0    0x8  Data  Wk  locale.o [3]
std::money_put<wchar_t, std::ostreambuf_iterator<wchar_t, std::char_traits<wchar_t>>>::money_put(unsigned int)
                             0x27b5   0x18  Code  Wk  locale.o [3]
std::money_put<wchar_t, std::ostreambuf_iterator<wchar_t, std::char_traits<wchar_t>>>::~money_put() [deleting]
                             0x4f59   0x14  Code  Wk  locale.o [3]
std::moneypunct<char, (bool)0>::id
                        0x2000'05b8    0x8  Data  Wk  locale.o [3]
std::moneypunct<char, (bool)0>::moneypunct(unsigned int)
                             0x270d   0x18  Code  Wk  locale.o [3]
std::moneypunct<char, (bool)0>::~moneypunct() [deleting]
                             0x4ecd   0x14  Code  Wk  locale.o [3]
std::moneypunct<char, (bool)1>::id
                        0x2000'05c0    0x8  Data  Wk  locale.o [3]
std::moneypunct<char, (bool)1>::moneypunct(unsigned int)
                             0x2725   0x18  Code  Wk  locale.o [3]
std::moneypunct<char, (bool)1>::~moneypunct() [deleting]
                             0x4ee1   0x14  Code  Wk  locale.o [3]
std::moneypunct<wchar_t, (bool)0>::id
                        0x2000'05c8    0x8  Data  Wk  locale.o [3]
std::moneypunct<wchar_t, (bool)0>::moneypunct(unsigned int)
                             0x273d   0x18  Code  Wk  locale.o [3]
std::moneypunct<wchar_t, (bool)0>::~moneypunct() [deleting]
                             0x4ef5   0x14  Code  Wk  locale.o [3]
std::moneypunct<wchar_t, (bool)1>::id
                        0x2000'05d0    0x8  Data  Wk  locale.o [3]
std::moneypunct<wchar_t, (bool)1>::moneypunct(unsigned int)
                             0x2755   0x18  Code  Wk  locale.o [3]
std::moneypunct<wchar_t, (bool)1>::~moneypunct() [deleting]
                             0x4f09   0x14  Code  Wk  locale.o [3]
std::num_get<char, std::istreambuf_iterator<char, std::char_traits<char>>>::id
                        0x2000'0578    0x8  Data  Wk  locale.o [3]
std::num_get<char, std::istreambuf_iterator<char, std::char_traits<char>>>::num_get(unsigned int)
                             0x26ad   0x18  Code  Wk  locale.o [3]
std::num_get<char, std::istreambuf_iterator<char, std::char_traits<char>>>::~num_get() [deleting]
                             0x4e2d   0x14  Code  Wk  locale.o [3]
std::num_get<wchar_t, std::istreambuf_iterator<wchar_t, std::char_traits<wchar_t>>>::id
                        0x2000'0580    0x8  Data  Wk  locale.o [3]
std::num_get<wchar_t, std::istreambuf_iterator<wchar_t, std::char_traits<wchar_t>>>::num_get(unsigned int)
                             0x26c5   0x18  Code  Wk  locale.o [3]
std::num_get<wchar_t, std::istreambuf_iterator<wchar_t, std::char_traits<wchar_t>>>::~num_get() [deleting]
                             0x4e41   0x14  Code  Wk  locale.o [3]
std::num_put<char, std::ostreambuf_iterator<char, std::char_traits<char>>>::do_put(std::ostreambuf_iterator<char, std::char_traits<char>>, std::ios_base &, char, long) const
                             0x4061   0x90  Code  Wk  locale.o [3]
std::num_put<char, std::ostreambuf_iterator<char, std::char_traits<char>>>::do_put(std::ostreambuf_iterator<char, std::char_traits<char>>, std::ios_base &, char, long) const::string
                             0x10e2    0x2  Data  Wk  locale.o [3]
std::num_put<char, std::ostreambuf_iterator<char, std::char_traits<char>>>::id
                        0x2000'0588    0x8  Data  Wk  locale.o [3]
std::num_put<char, std::ostreambuf_iterator<char, std::char_traits<char>>>::num_put(unsigned int)
                             0x26dd   0x18  Code  Wk  locale.o [3]
std::num_put<char, std::ostreambuf_iterator<char, std::char_traits<char>>>::put(std::ostreambuf_iterator<char, std::char_traits<char>>, std::ios_base &, char, long) const
                             0x421f   0x10  Code  Wk  locale.o [3]
std::num_put<char, std::ostreambuf_iterator<char, std::char_traits<char>>>::~num_put() [deleting]
                             0x4e55   0x14  Code  Wk  locale.o [3]
std::num_put<wchar_t, std::ostreambuf_iterator<wchar_t, std::char_traits<wchar_t>>>::id
                        0x2000'0590    0x8  Data  Wk  locale.o [3]
std::num_put<wchar_t, std::ostreambuf_iterator<wchar_t, std::char_traits<wchar_t>>>::num_put(unsigned int)
                             0x26f5   0x18  Code  Wk  locale.o [3]
std::num_put<wchar_t, std::ostreambuf_iterator<wchar_t, std::char_traits<wchar_t>>>::~num_put() [deleting]
                             0x4e69   0x14  Code  Wk  locale.o [3]
std::numpunct<char>::do_grouping() const
                             0x2497    0x6  Code  Gb  locale.o [3]
std::numpunct<char>::do_thousands_sep() const
                             0x2493    0x4  Code  Gb  locale.o [3]
std::numpunct<char>::id
                        0x2000'01a8    0x8  Data  Gb  locale.o [3]
std::numpunct<char>::numpunct(unsigned int)
                             0x2429   0x1c  Code  Gb  locale.o [3]
std::numpunct<char>::~numpunct()
                             0x2467   0x10  Code  Gb  locale.o [3]
std::numpunct<char>::~numpunct() [deleting]
                             0x1d4f    0x4  Code  Gb  locale.o [3]
std::numpunct<wchar_t>::id
                        0x2000'01b0    0x8  Data  Gb  locale.o [3]
std::numpunct<wchar_t>::numpunct(unsigned int)
                             0x2445   0x1a  Code  Gb  locale.o [3]
std::numpunct<wchar_t>::~numpunct()
                             0x2477    0xe  Code  Gb  locale.o [3]
std::numpunct<wchar_t>::~numpunct() [deleting]
                             0x1d53    0x4  Code  Gb  locale.o [3]
std::ostream & std::endl<char, std::char_traits<char>>(std::ostream &)
                             0x4a49   0x2e  Code  Wk  main.o [1]
std::ostream::flush()        0x3db7   0x54  Code  Wk  ios.instantiations.o [3]
std::ostream::operator <<(int)
                             0x417d   0x88  Code  Wk  ios.instantiations.o [3]
std::ostream::operator <<(std::ostream&(*)(std::ostream&))
                             0x4c4d    0x6  Code  Wk  main.o [1]
std::ostream::put(char)
                             0x431f   0x68  Code  Wk  ios.instantiations.o [3]
std::ostream::sentry::sentry(std::ostream&)
                             0x3e0f   0x42  Code  Wk  ios.instantiations.o [3]
std::ostream::sentry::~sentry()
                             0x3e51   0x94  Code  Wk  ios.instantiations.o [3]
std::ostream::~basic_ostream()
                             0x4fb5    0xe  Code  Wk  ios.instantiations.o [3]
std::ostreambuf_iterator<char, std::char_traits<char>> std::__pad_and_output<char, std::char_traits<char>>(std::ostreambuf_iterator<char, std::char_traits<char>>, char const *, char const *, char const *, std::ios_base &, char)
                             0x3f0d   0x92  Code  Wk  locale.o [3]
std::streambuf::basic_streambuf()
                             0x3ee5   0x24  Code  Wk  ios.instantiations.o [3]
std::streambuf::basic_streambuf() [subobject]
                             0x3e0b    0x4  Code  Wk  ios.instantiations.o [3]
std::streambuf::overflow(int)
                             0x100f    0x6  Code  Wk  ios.instantiations.o [3]
std::streambuf::sputc(char)
                             0x4387   0x20  Code  Wk  ios.instantiations.o [3]
std::streambuf::sputn(char const *, int)
                             0x3f9f    0xa  Code  Wk  locale.o [3]
std::streambuf::sync()       0x4ff5    0x4  Code  Wk  ios.instantiations.o [3]
std::streambuf::xsputn(char const *, int)
                             0x43a7   0x60  Code  Wk  ios.instantiations.o [3]
std::streambuf::~basic_streambuf() [subobject]
                             0x4dc5   0x18  Code  Wk  ios.instantiations.o [3]
std::string::__get_pointer()
                             0x3617    0xa  Code  Wk  locale.o [3]
std::string::__init_copy_ctor_external(char const *, unsigned int)
                             0x2e35   0x3e  Code  Wk  string.o [3]
std::string::__zero()        0x2ac5    0xa  Code  Wk  locale.o [3]
std::string::basic_string(const std::string&)
                             0x2acf   0x32  Code  Wk  locale.o [3]
std::string::basic_string(unsigned int, char)
                             0x3fa9   0x50  Code  Wk  locale.o [3]
std::string::basic_string<std::nullptr_t>(char const *)
                             0x25a3   0x58  Code  Wk  locale.o [3]
std::string::size() const
                             0x35e9    0xc  Code  Wk  locale.o [3]
std::string::~basic_string()
                             0x2895   0x1a  Code  Wk  locale.o [3]
std::time_get<char, std::istreambuf_iterator<char, std::char_traits<char>>>::id
                        0x2000'0598    0x8  Data  Wk  locale.o [3]
std::time_get<char, std::istreambuf_iterator<char, std::char_traits<char>>>::time_get(unsigned int)
                             0x27cd   0x28  Code  Wk  locale.o [3]
std::time_get<char, std::istreambuf_iterator<char, std::char_traits<char>>>::~time_get() [deleting]
                             0x4e7d   0x14  Code  Wk  locale.o [3]
std::time_get<wchar_t, std::istreambuf_iterator<wchar_t, std::char_traits<wchar_t>>>::id
                        0x2000'05a0    0x8  Data  Wk  locale.o [3]
std::time_get<wchar_t, std::istreambuf_iterator<wchar_t, std::char_traits<wchar_t>>>::time_get(unsigned int)
                             0x27f5   0x28  Code  Wk  locale.o [3]
std::time_get<wchar_t, std::istreambuf_iterator<wchar_t, std::char_traits<wchar_t>>>::~time_get() [deleting]
                             0x4e91   0x14  Code  Wk  locale.o [3]
std::time_put<char, std::ostreambuf_iterator<char, std::char_traits<char>>>::id
                        0x2000'05a8    0x8  Data  Wk  locale.o [3]
std::time_put<char, std::ostreambuf_iterator<char, std::char_traits<char>>>::time_put(unsigned int)
                             0x281d   0x24  Code  Wk  locale.o [3]
std::time_put<char, std::ostreambuf_iterator<char, std::char_traits<char>>>::~time_put()
                             0x4c75   0x1e  Code  Wk  locale.o [3]
std::time_put<char, std::ostreambuf_iterator<char, std::char_traits<char>>>::~time_put() [deleting]
                             0x4ea5   0x14  Code  Wk  locale.o [3]
std::time_put<wchar_t, std::ostreambuf_iterator<wchar_t, std::char_traits<wchar_t>>>::id
                        0x2000'05b0    0x8  Data  Wk  locale.o [3]
std::time_put<wchar_t, std::ostreambuf_iterator<wchar_t, std::char_traits<wchar_t>>>::time_put(unsigned int)
                             0x2841   0x24  Code  Wk  locale.o [3]
std::time_put<wchar_t, std::ostreambuf_iterator<wchar_t, std::char_traits<wchar_t>>>::~time_put()
                             0x4c93   0x1e  Code  Wk  locale.o [3]
std::time_put<wchar_t, std::ostreambuf_iterator<wchar_t, std::char_traits<wchar_t>>>::~time_put() [deleting]
                             0x4eb9   0x14  Code  Wk  locale.o [3]
std::unique_ptr<std::locale::facet, std::<unnamed>::release>::~unique_ptr()
                             0x1d7b   0x14  Code  Lc  locale.o [3]
std::vector<std::locale::facet *, std::__sso_allocator<std::locale::facet *, (unsigned int)30>>::__annotate_delete() const
                             0x28af    0x4  Code  Wk  locale.o [3]
std::vector<std::locale::facet *, std::__sso_allocator<std::locale::facet *, (unsigned int)30>>::__append(unsigned int)
                             0x28e9   0xac  Code  Wk  locale.o [3]
std::vector<std::locale::facet *, std::__sso_allocator<std::locale::facet *, (unsigned int)30>>::__construct_at_end(unsigned int)
                             0x2b35   0x20  Code  Wk  locale.o [3]
std::vector<std::locale::facet *, std::__sso_allocator<std::locale::facet *, (unsigned int)30>>::__destruct_at_end(std::locale::facet **)
                             0x2995   0x1c  Code  Wk  locale.o [3]
std::vector<std::locale::facet *, std::__sso_allocator<std::locale::facet *, (unsigned int)30>>::__recommend(unsigned int) const
                             0x2b9f   0x3e  Code  Wk  locale.o [3]
std::vector<std::locale::facet *, std::__sso_allocator<std::locale::facet *, (unsigned int)30>>::__vallocate(unsigned int)
                             0x2b0b   0x2a  Code  Wk  locale.o [3]
std::vector<std::locale::facet *, std::__sso_allocator<std::locale::facet *, (unsigned int)30>>::clear()
                             0x25fb   0x22  Code  Wk  locale.o [3]
std::vector<std::locale::facet *, std::__sso_allocator<std::locale::facet *, (unsigned int)30>>::max_size() const
                             0x2e77    0x6  Code  Wk  locale.o [3]
std::vector<std::locale::facet *, std::__sso_allocator<std::locale::facet *, (unsigned int)30>>::size() const
                             0x28dd    0xc  Code  Wk  locale.o [3]
std::vector<std::locale::facet *, std::__sso_allocator<std::locale::facet *, (unsigned int)30>>::vector(unsigned int)
                             0x257d   0x26  Code  Wk  locale.o [3]
strchr                        0xf69         Code  Gb  strchr.o [6]
strlen                        0xfd9         Code  Gb  strlen.o [6]
unsigned int const & std::max<unsigned int>(unsigned int const &, unsigned int const &)
                             0x2fed    0xc  Code  Wk  locale.o [3]
void std::__call_once_proxy<std::tuple<std::<unnamed>::__fake_bind &&>>(void *)
                             0x4d79   0x1c  Code  Wk  locale.o [3]
void std::__tree_left_rotate<std::__tree_node_base<void *> *>(std::__tree_node_base<void *> *)
                             0x2ff9   0x20  Code  Wk  iar_newlocale.o [3]
void std::__tree_remove<std::__tree_node_base<void *> *>(std::__tree_node_base<void *> *, std::__tree_node_base<void *> *)
                             0x2c89  0x1a0  Code  Wk  iar_newlocale.o [3]
void std::__tree_right_rotate<std::__tree_node_base<void *> *>(std::__tree_node_base<void *> *)
                             0x3019   0x20  Code  Wk  iar_newlocale.o [3]
void std::reverse<char *>(char *, char *)
                             0x35f5   0x18  Code  Wk  locale.o [3]
vsnprintf                    0x2c4d   0x3c  Code  Gb  vsnprint.o [2]


[1] = F:\download\KOLODIY\Debug\Obj
[2] = dl7M_tlf.a
[3] = dllibcpp7M_tl_fc.a
[4] = dlpprt7M_tl_fc.a
[5] = m7M_tl.a
[6] = rt7M_tl.a
[7] = shb_l.a

  17'628 bytes of readonly  code memory
   2'952 bytes of readonly  data memory
   5'104 bytes of readwrite data memory

Errors: none
Warnings: none
